Component: Arm Compiler for Embedded 6.18 Tool: armlink [5e4cc100]

==============================================================================

Section Cross References

    startup_stm32f303xc.o(STACK) refers (Special) to heapauxi.o(.text) for __use_two_region_memory
    startup_stm32f303xc.o(HEAP) refers (Special) to heapauxi.o(.text) for __use_two_region_memory
    startup_stm32f303xc.o(RESET) refers (Special) to heapauxi.o(.text) for __use_two_region_memory
    startup_stm32f303xc.o(RESET) refers to startup_stm32f303xc.o(STACK) for __initial_sp
    startup_stm32f303xc.o(RESET) refers to startup_stm32f303xc.o(.text) for Reset_Handler
    startup_stm32f303xc.o(RESET) refers to stm32f3xx_it.o(.text.NMI_Handler) for NMI_Handler
    startup_stm32f303xc.o(RESET) refers to stm32f3xx_it.o(.text.HardFault_Handler) for HardFault_Handler
    startup_stm32f303xc.o(RESET) refers to stm32f3xx_it.o(.text.MemManage_Handler) for MemManage_Handler
    startup_stm32f303xc.o(RESET) refers to stm32f3xx_it.o(.text.BusFault_Handler) for BusFault_Handler
    startup_stm32f303xc.o(RESET) refers to stm32f3xx_it.o(.text.UsageFault_Handler) for UsageFault_Handler
    startup_stm32f303xc.o(RESET) refers to stm32f3xx_it.o(.text.SVC_Handler) for SVC_Handler
    startup_stm32f303xc.o(RESET) refers to stm32f3xx_it.o(.text.DebugMon_Handler) for DebugMon_Handler
    startup_stm32f303xc.o(RESET) refers to stm32f3xx_it.o(.text.PendSV_Handler) for PendSV_Handler
    startup_stm32f303xc.o(RESET) refers to stm32f3xx_it.o(.text.SysTick_Handler) for SysTick_Handler
    startup_stm32f303xc.o(.text) refers (Special) to heapauxi.o(.text) for __use_two_region_memory
    startup_stm32f303xc.o(.text) refers to system_stm32f3xx.o(.text.SystemInit) for SystemInit
    startup_stm32f303xc.o(.text) refers to __main.o(!!!main) for __main
    startup_stm32f303xc.o(.text) refers to startup_stm32f303xc.o(HEAP) for Heap_Mem
    startup_stm32f303xc.o(.text) refers to startup_stm32f303xc.o(STACK) for Stack_Mem
    main.o(.text.main) refers to stm32f3xx_hal.o(.text.HAL_Init) for HAL_Init
    main.o(.text.main) refers to rt_memclr_w.o(.text) for __aeabi_memclr4
    main.o(.text.main) refers to stm32f3xx_hal_rcc.o(.text.HAL_RCC_OscConfig) for HAL_RCC_OscConfig
    main.o(.text.main) refers to stm32f3xx_hal_rcc.o(.text.HAL_RCC_ClockConfig) for HAL_RCC_ClockConfig
    main.o(.text.main) refers to stm32f3xx_hal_rcc_ex.o(.text.HAL_RCCEx_PeriphCLKConfig) for HAL_RCCEx_PeriphCLKConfig
    main.o(.text.main) refers to gpio.o(.text.MX_GPIO_Init) for MX_GPIO_Init
    main.o(.text.main) refers to spi.o(.text.MX_SPI1_Init) for MX_SPI1_Init
    main.o(.text.main) refers to main.o(.bss.IIM42352_Module) for IIM42352_Module
    main.o(.text.main) refers to gebrabit_iim42352.o(.text.GB_IIM42352_initialize) for GB_IIM42352_initialize
    main.o(.text.main) refers to gebrabit_iim42352.o(.text.GB_IIM42352_Configuration) for GB_IIM42352_Configuration
    main.o(.text.main) refers to gebrabit_iim42352.o(.text.GB_IIM42352_Get_Data) for GB_IIM42352_Get_Data
    main.o(.ARM.exidx.text.main) refers to main.o(.text.main) for [Anonymous Symbol]
    main.o(.text.SystemClock_Config) refers to rt_memclr_w.o(.text) for __aeabi_memclr4
    main.o(.text.SystemClock_Config) refers to stm32f3xx_hal_rcc.o(.text.HAL_RCC_OscConfig) for HAL_RCC_OscConfig
    main.o(.text.SystemClock_Config) refers to stm32f3xx_hal_rcc.o(.text.HAL_RCC_ClockConfig) for HAL_RCC_ClockConfig
    main.o(.text.SystemClock_Config) refers to stm32f3xx_hal_rcc_ex.o(.text.HAL_RCCEx_PeriphCLKConfig) for HAL_RCCEx_PeriphCLKConfig
    main.o(.ARM.exidx.text.SystemClock_Config) refers to main.o(.text.SystemClock_Config) for [Anonymous Symbol]
    main.o(.ARM.exidx.text.Error_Handler) refers to main.o(.text.Error_Handler) for [Anonymous Symbol]
    gpio.o(.text.MX_GPIO_Init) refers to stm32f3xx_hal_gpio.o(.text.HAL_GPIO_WritePin) for HAL_GPIO_WritePin
    gpio.o(.text.MX_GPIO_Init) refers to stm32f3xx_hal_gpio.o(.text.HAL_GPIO_Init) for HAL_GPIO_Init
    gpio.o(.ARM.exidx.text.MX_GPIO_Init) refers to gpio.o(.text.MX_GPIO_Init) for [Anonymous Symbol]
    i2c.o(.text.MX_I2C1_Init) refers to i2c.o(.bss.hi2c1) for hi2c1
    i2c.o(.text.MX_I2C1_Init) refers to stm32f3xx_hal_i2c.o(.text.HAL_I2C_Init) for HAL_I2C_Init
    i2c.o(.text.MX_I2C1_Init) refers to main.o(.text.Error_Handler) for Error_Handler
    i2c.o(.text.MX_I2C1_Init) refers to stm32f3xx_hal_i2c_ex.o(.text.HAL_I2CEx_ConfigAnalogFilter) for HAL_I2CEx_ConfigAnalogFilter
    i2c.o(.text.MX_I2C1_Init) refers to stm32f3xx_hal_i2c_ex.o(.text.HAL_I2CEx_ConfigDigitalFilter) for HAL_I2CEx_ConfigDigitalFilter
    i2c.o(.ARM.exidx.text.MX_I2C1_Init) refers to i2c.o(.text.MX_I2C1_Init) for [Anonymous Symbol]
    i2c.o(.text.HAL_I2C_MspInit) refers to stm32f3xx_hal_gpio.o(.text.HAL_GPIO_Init) for HAL_GPIO_Init
    i2c.o(.ARM.exidx.text.HAL_I2C_MspInit) refers to i2c.o(.text.HAL_I2C_MspInit) for [Anonymous Symbol]
[...]
    Removing gebrabit_iim42352.o(.text.GB_IIM42352_Burst_Write), (136 bytes).
    Removing gebrabit_iim42352.o(.ARM.exidx.text.GB_IIM42352_Burst_Write), (8 bytes).
    Removing gebrabit_iim42352.o(.text.GB_IIM42352_Select_SPI4_Interface), (48 bytes).
    Removing gebrabit_iim42352.o(.ARM.exidx.text.GB_IIM42352_Select_SPI4_Interface), (8 bytes).
    Removing gebrabit_iim42352.o(.text.GB_IIM42352_Select_PIN9_Function), (28 bytes).
    Removing gebrabit_iim42352.o(.ARM.exidx.text.GB_IIM42352_Select_PIN9_Function), (8 bytes).
    Removing gebrabit_iim42352.o(.text.GB_IIM42352_Get_Sensor_Data_Endian), (102 bytes).
    Removing gebrabit_iim42352.o(.ARM.exidx.text.GB_IIM42352_Get_Sensor_Data_Endian), (8 bytes).
    Removing gebrabit_iim42352.o(.text.GB_IIM42352_Set_Sensor_Data_Endian), (28 bytes).
    Removing gebrabit_iim42352.o(.ARM.exidx.text.GB_IIM42352_Set_Sensor_Data_Endian), (8 bytes).
    Removing gebrabit_iim42352.o(.ARM.exidx.text.GB_IIM42352_Soft_Reset), (8 bytes).
    Removing gebrabit_iim42352.o(.text.GB_IIM42352_Set_ACCEL_FS), (62 bytes).
    Removing gebrabit_iim42352.o(.ARM.exidx.text.GB_IIM42352_Set_ACCEL_FS), (8 bytes).
    Removing gebrabit_iim42352.o(.text.GB_IIM42352_Set_ACCEL_ODR), (28 bytes).
    Removing gebrabit_iim42352.o(.ARM.exidx.text.GB_IIM42352_Set_ACCEL_ODR), (8 bytes).
    Removing gebrabit_iim42352.o(.text.GB_IIM42352_Set_FIFO_MODE), (28 bytes).
    Removing gebrabit_iim42352.o(.ARM.exidx.text.GB_IIM42352_Set_FIFO_MODE), (8 bytes).
    Removing gebrabit_iim42352.o(.text.GB_IIM42352_DISABLE_FSYNC), (42 bytes).
    Removing gebrabit_iim42352.o(.ARM.exidx.text.GB_IIM42352_DISABLE_FSYNC), (8 bytes).
    Removing gebrabit_iim42352.o(.text.GB_IIM42352_Set_Timestamp_Resolution), (30 bytes).
    Removing gebrabit_iim42352.o(.ARM.exidx.text.GB_IIM42352_Set_Timestamp_Resolution), (8 bytes).
    Removing gebrabit_iim42352.o(.text.GB_IIM42352_SET_FIFO_Count), (50 bytes).
    Removing gebrabit_iim42352.o(.ARM.exidx.text.GB_IIM42352_SET_FIFO_Count), (8 bytes).
    Removing gebrabit_iim42352.o(.ARM.exidx.text.GB_IIM42352_GET_FIFO_Count), (8 bytes).
    Removing gebrabit_iim42352.o(.text.GB_IIM42352_SET_Time_Stamp_Register), (30 bytes).
    Removing gebrabit_iim42352.o(.ARM.exidx.text.GB_IIM42352_SET_Time_Stamp_Register), (8 bytes).
    Removing gebrabit_iim42352.o(.text.GB_IIM42352_Write_ACCEL_TEMP_To_FIFO), (28 bytes).
    Removing gebrabit_iim42352.o(.ARM.exidx.text.GB_IIM42352_Write_ACCEL_TEMP_To_FIFO), (8 bytes).
    Removing gebrabit_iim42352.o(.ARM.exidx.text.GB_IIM42352_SET_FIFO_WATERMARK), (8 bytes).
    Removing gebrabit_iim42352.o(.text.GB_IIM42352_SET_FIFO_Decimation_Factor), (30 bytes).
    Removing gebrabit_iim42352.o(.ARM.exidx.text.GB_IIM42352_SET_FIFO_Decimation_Factor), (8 bytes).
    Removing gebrabit_iim42352.o(.text.GB_IIM42352_SET_Data_Ready_Interrupt), (28 bytes).
    Removing gebrabit_iim42352.o(.ARM.exidx.text.GB_IIM42352_SET_Data_Ready_Interrupt), (8 bytes).
    Removing gebrabit_iim42352.o(.text.GB_IIM42352_SET_FIFO_Full_Interrupt), (30 bytes).
    Removing gebrabit_iim42352.o(.ARM.exidx.text.GB_IIM42352_SET_FIFO_Full_Interrupt), (8 bytes).
    Removing gebrabit_iim42352.o(.text.GB_IIM42352_SET_INT_ASYNC_RESET_ZERO), (28 bytes).
    Removing gebrabit_iim42352.o(.ARM.exidx.text.GB_IIM42352_SET_INT_ASYNC_RESET_ZERO), (8 bytes).
    Removing gebrabit_iim42352.o(.text.GB_IIM42352_FIFO_FLUSH), (28 bytes).
    Removing gebrabit_iim42352.o(.ARM.exidx.text.GB_IIM42352_FIFO_FLUSH), (8 bytes).
    Removing gebrabit_iim42352.o(.ARM.exidx.text.GB_IIM42352_FIFO_Configuration), (8 bytes).
    Removing gebrabit_iim42352.o(.text.GB_IIM42352_SET_FIFO_High_Resolution), (30 bytes).
    Removing gebrabit_iim42352.o(.ARM.exidx.text.GB_IIM42352_SET_FIFO_High_Resolution), (8 bytes).
    Removing gebrabit_iim42352.o(.text.GB_IIM42352_UI_Filter_Order), (28 bytes).
    Removing gebrabit_iim42352.o(.ARM.exidx.text.GB_IIM42352_UI_Filter_Order), (8 bytes).
    Removing gebrabit_iim42352.o(.text.GB_IIM42352_Who_am_I), (94 bytes).
    Removing gebrabit_iim42352.o(.ARM.exidx.text.GB_IIM42352_Who_am_I), (8 bytes).
    Removing gebrabit_iim42352.o(.text.GB_IIM42352_DISABLE_RTC_Mode), (28 bytes).
    Removing gebrabit_iim42352.o(.ARM.exidx.text.GB_IIM42352_DISABLE_RTC_Mode), (8 bytes).
    Removing gebrabit_iim42352.o(.text.GB_IIM42352_ACCEL_LN_Filter_Configuration), (28 bytes).
    Removing gebrabit_iim42352.o(.ARM.exidx.text.GB_IIM42352_ACCEL_LN_Filter_Configuration), (8 bytes).
    Removing gebrabit_iim42352.o(.text.GB_IIM42352_ACCEL_LP_Filter_Configuration), (28 bytes).
    Removing gebrabit_iim42352.o(.ARM.exidx.text.GB_IIM42352_ACCEL_LP_Filter_Configuration), (8 bytes).
    Removing gebrabit_iim42352.o(.text.GB_IIM42352_Enable_Disable_XYZ_ACCEL), (94 bytes).
    Removing gebrabit_iim42352.o(.ARM.exidx.text.GB_IIM42352_Enable_Disable_XYZ_ACCEL), (8 bytes).
    Removing gebrabit_iim42352.o(.text.GB_IIM42352_Enable_Disable_Temperature), (42 bytes).
    Removing gebrabit_iim42352.o(.ARM.exidx.text.GB_IIM42352_Enable_Disable_Temperature), (8 bytes).
    Removing gebrabit_iim42352.o(.ARM.exidx.text.GB_IIM42352_Set_Power_Management), (8 bytes).
    Removing gebrabit_iim42352.o(.text.GB_IIM42352_Check_Data_Preparation), (102 bytes).
    Removing gebrabit_iim42352.o(.ARM.exidx.text.GB_IIM42352_Check_Data_Preparation), (8 bytes).
    Removing gebrabit_iim42352.o(.text.GB_IIM42352_Check_FIFO_FULL), (102 bytes).
    Removing gebrabit_iim42352.o(.ARM.exidx.text.GB_IIM42352_Check_FIFO_FULL), (8 bytes).
    Removing gebrabit_iim42352.o(.text.GB_IIM42352_Format_Data_Base_On_Endian), (32 bytes).
    Removing gebrabit_iim42352.o(.ARM.exidx.text.GB_IIM42352_Format_Data_Base_On_Endian), (8 bytes).
    Removing gebrabit_iim42352.o(.ARM.exidx.text.GB_IIM42352_initialize), (8 bytes).
    Removing gebrabit_iim42352.o(.ARM.exidx.text.GB_IIM42352_Configuration), (8 bytes).
    Removing gebrabit_iim42352.o(.text.GB_IIM42352_Read_FIFO), (14 bytes).
    Removing gebrabit_iim42352.o(.ARM.exidx.text.GB_IIM42352_Read_FIFO), (8 bytes).
    Removing gebrabit_iim42352.o(.ARM.exidx.text.GB_IIM42352_Get_Temp_Register_Raw_Data), (8 bytes).
    Removing gebrabit_iim42352.o(.text.GB_IIM42352_Get_Temp_Register_Valid_Data), (80 bytes).
    Removing gebrabit_iim42352.o(.ARM.exidx.text.GB_IIM42352_Get_Temp_Register_Valid_Data), (8 bytes).
    Removing gebrabit_iim42352.o(.ARM.exidx.text.GB_IIM42352_Get_ACCEL_DATA_X_Register_Raw), (8 bytes).
    Removing gebrabit_iim42352.o(.ARM.exidx.text.GB_IIM42352_Get_ACCEL_DATA_Y_Register_Raw), (8 bytes).
    Removing gebrabit_iim42352.o(.ARM.exidx.text.GB_IIM42352_Get_ACCEL_DATA_Z_Register_Raw), (8 bytes).
    Removing gebrabit_iim42352.o(.text.GB_IIM42352_Get_ACCEL_DATA_X_Register_Valid_Data), (32 bytes).
    Removing gebrabit_iim42352.o(.ARM.exidx.text.GB_IIM42352_Get_ACCEL_DATA_X_Register_Valid_Data), (8 bytes).
    Removing gebrabit_iim42352.o(.text.GB_IIM42352_Get_ACCEL_DATA_Y_Register_Valid_Data), (32 bytes).
    Removing gebrabit_iim42352.o(.ARM.exidx.text.GB_IIM42352_Get_ACCEL_DATA_Y_Register_Valid_Data), (8 bytes).
    Removing gebrabit_iim42352.o(.text.GB_IIM42352_Get_ACCEL_DATA_Z_Register_Valid_Data), (32 bytes).
    Removing gebrabit_iim42352.o(.ARM.exidx.text.GB_IIM42352_Get_ACCEL_DATA_Z_Register_Valid_Data), (8 bytes).
    Removing gebrabit_iim42352.o(.text.GB_IIM42352_Get_Temperature), (88 bytes).
    Removing gebrabit_iim42352.o(.ARM.exidx.text.GB_IIM42352_Get_Temperature), (8 bytes).
    Removing gebrabit_iim42352.o(.text.GB_IIM42352_Get_XYZ_ACCELERATION), (112 bytes).
    Removing gebrabit_iim42352.o(.ARM.exidx.text.GB_IIM42352_Get_XYZ_ACCELERATION), (8 bytes).
    Removing gebrabit_iim42352.o(.ARM.exidx.text.GB_IIM42352_Get_ACCEL_XYZ_TEMP_From_Registers), (8 bytes).
    Removing gebrabit_iim42352.o(.ARM.exidx.text.GB_IIM42352_FIFO_Data_Partition_ACCEL_XYZ_TEMP), (8 bytes).
    Removing gebrabit_iim42352.o(.ARM.exidx.text.GB_IIM42352_Get_ACCEL_XYZ_TEMP_From_FIFO), (8 bytes).
    Removing gebrabit_iim42352.o(.ARM.exidx.text.GB_IIM42352_Get_Data), (8 bytes).
    Removing gebrabit_iim42352.o(.rodata..Lswitch.table.GB_IIM42352_Set_ACCEL_FS), (6 bytes).

655 unused section(s) (total 36590 bytes) removed from the image.

==============================================================================

Image Symbol Table

    Local Symbols

    Symbol Name                              Value     Ov Type        Size  Object(Section)

    ../clib/angel/boardlib.s                 0x00000000   Number         0  boardinit1.o ABSOLUTE
    ../clib/angel/boardlib.s                 0x00000000   Number         0  boardinit2.o ABSOLUTE
    ../clib/angel/boardlib.s                 0x00000000   Number         0  boardinit3.o ABSOLUTE
    ../clib/angel/boardlib.s                 0x00000000   Number         0  boardshut.o ABSOLUTE
    ../clib/angel/handlers.s                 0x00000000   Number         0  __scatter_copy.o ABSOLUTE
    ../clib/angel/handlers.s                 0x00000000   Number         0  __scatter_zi.o ABSOLUTE
    ../clib/angel/kernel.s                   0x00000000   Number         0  __rtentry.o ABSOLUTE
    ../clib/angel/kernel.s                   0x00000000   Number         0  __rtentry2.o ABSOLUTE
    ../clib/angel/kernel.s                   0x00000000   Number         0  __rtentry4.o ABSOLUTE
    ../clib/angel/kernel.s                   0x00000000   Number         0  rtexit.o ABSOLUTE
    ../clib/angel/kernel.s                   0x00000000   Number         0  rtexit2.o ABSOLUTE
    ../clib/angel/rt.s                       0x00000000   Number         0  rt_heap_descriptor.o ABSOLUTE
    ../clib/angel/rt.s                       0x00000000   Number         0  rt_heap_descriptor_intlibspace.o ABSOLUTE
    ../clib/angel/rt.s                       0x00000000   Number         0  rt_raise.o ABSOLUTE
    ../clib/angel/scatter.s                  0x00000000   Number         0  __scatter.o ABSOLUTE
    ../clib/angel/startup.s                  0x00000000   Number         0  __main.o ABSOLUTE
    ../clib/angel/sys.s                      0x00000000   Number         0  mutex_dummy.o ABSOLUTE
    ../clib/angel/sys.s                      0x00000000   Number         0  libspace.o ABSOLUTE
    ../clib/angel/sys.s                      0x00000000   Number         0  use_no_semi.o ABSOLUTE
    ../clib/angel/sys.s                      0x00000000   Number         0  indicate_semi.o ABSOLUTE
    ../clib/angel/sys.s                      0x00000000   Number         0  sys_stackheap_outer.o ABSOLUTE
    ../clib/angel/sysapp.c                   0x00000000   Number         0  sys_command.o ABSOLUTE
    ../clib/angel/sysapp.c                   0x00000000   Number         0  sys_command_hlt.o ABSOLUTE
    ../clib/angel/sysapp.c                   0x00000000   Number         0  sys_exit.o ABSOLUTE
    ../clib/angel/sysapp.c                   0x00000000   Number         0  sys_exit_hlt.o ABSOLUTE
    ../clib/angel/sysapp.c                   0x00000000   Number         0  sys_wrch.o ABSOLUTE
    ../clib/angel/sysapp.c                   0x00000000   Number         0  sys_wrch_hlt.o ABSOLUTE
    ../clib/armsys.c                         0x00000000   Number         0  _get_argv.o ABSOLUTE
    ../clib/armsys.c                         0x00000000   Number         0  argv_veneer.o ABSOLUTE
    ../clib/armsys.c                         0x00000000   Number         0  argv_veneer.o ABSOLUTE
    ../clib/armsys.c                         0x00000000   Number         0  _get_argv_nomalloc.o ABSOLUTE
    ../clib/armsys.c                         0x00000000   Number         0  no_argv.o ABSOLUTE
    ../clib/heap1.c                          0x00000000   Number         0  h1_alloc.o ABSOLUTE
    ../clib/heap1.c                          0x00000000   Number         0  h1_free.o ABSOLUTE
    ../clib/heap1.c                          0x00000000   Number         0  h1_alloc_threads.o ABSOLUTE
    ../clib/heap1.c                          0x00000000   Number         0  h1_free_threads.o ABSOLUTE
    ../clib/heap1.c                          0x00000000   Number         0  h1_init.o ABSOLUTE
    ../clib/heap1.c                          0x00000000   Number         0  h1_init_threads.o ABSOLUTE
    ../clib/heap1.c                          0x00000000   Number         0  h1_extend.o ABSOLUTE
    ../clib/heap1.c                          0x00000000   Number         0  h1_extend_threads.o ABSOLUTE
    ../clib/heap1.c                          0x00000000   Number         0  h1_final.o ABSOLUTE
    ../clib/heap1.c                          0x00000000   Number         0  h1_final_threads.o ABSOLUTE
    ../clib/heap2.c                          0x00000000   Number         0  heap2.o ABSOLUTE
    ../clib/heap2.c                          0x00000000   Number         0  heap2_threads.o ABSOLUTE
    ../clib/heap2.c                          0x00000000   Number         0  fdtree.o ABSOLUTE
    ../clib/heapalloc.c                      0x00000000   Number         0  malloc.o ABSOLUTE
    ../clib/heapalloc.c                      0x00000000   Number         0  free.o ABSOLUTE
    ../clib/heapalloc.c                      0x00000000   Number         0  calloc.o ABSOLUTE
    ../clib/heapalloc.c                      0x00000000   Number         0  hguard.o ABSOLUTE
    ../clib/heapalloc.c                      0x00000000   Number         0  init_alloc.o ABSOLUTE
    ../clib/heapalloc.c                      0x00000000   Number         0  heapstubs.o ABSOLUTE
    ../clib/heapalloc.c                      0x00000000   Number         0  hrguard.o ABSOLUTE
    ../clib/heapalloc.c                      0x00000000   Number         0  term_alloc.o ABSOLUTE
    ../clib/heapaux.c                        0x00000000   Number         0  heapauxi.o ABSOLUTE
    ../clib/heapaux.c                        0x00000000   Number         0  heapauxa.o ABSOLUTE
    ../clib/libinit.s                        0x00000000   Number         0  libinit2.o ABSOLUTE
    ../clib/libinit.s                        0x00000000   Number         0  libinit.o ABSOLUTE
    ../clib/libinit.s                        0x00000000   Number         0  libshutdown2.o ABSOLUTE
    ../clib/libinit.s                        0x00000000   Number         0  libshutdown.o ABSOLUTE
    ../clib/maybe.s                          0x00000000   Number         0  maybetermalloc1.o ABSOLUTE
    ../clib/maybe.s                          0x00000000   Number         0  maybetermalloc2.o ABSOLUTE
    ../clib/memcpset.s                       0x00000000   Number         0  rt_memcpy_v6.o ABSOLUTE
    ../clib/memcpset.s                       0x00000000   Number         0  rt_memclr_w.o ABSOLUTE
    ../clib/memcpset.s                       0x00000000   Number         0  rt_memcpy_w.o ABSOLUTE
    ../clib/memcpset.s                       0x00000000   Number         0  rt_memclr.o ABSOLUTE
    ../clib/signal.c                         0x00000000   Number         0  defsig_rtmem_outer.o ABSOLUTE
    ../clib/signal.c                         0x00000000   Number         0  defsig_rtmem_formal.o ABSOLUTE
    ../clib/signal.c                         0x00000000   Number         0  defsig_exit.o ABSOLUTE
    ../clib/signal.c                         0x00000000   Number         0  defsig_rtmem_inner.o ABSOLUTE
    ../clib/signal.c                         0x00000000   Number         0  __raise.o ABSOLUTE
    ../clib/signal.c                         0x00000000   Number         0  defsig_general.o ABSOLUTE
    ../clib/signal.c                         0x00000000   Number         0  defsig_abrt_inner.o ABSOLUTE
    ../clib/signal.c                         0x00000000   Number         0  defsig_fpe_inner.o ABSOLUTE
    ../clib/signal.c                         0x00000000   Number         0  defsig_rtred_inner.o ABSOLUTE
    ../clib/signal.c                         0x00000000   Number         0  defsig_stak_inner.o ABSOLUTE
    ../clib/signal.c                         0x00000000   Number         0  defsig_pvfn_inner.o ABSOLUTE
    ../clib/signal.c                         0x00000000   Number         0  defsig_cppl_inner.o ABSOLUTE
    ../clib/signal.c                         0x00000000   Number         0  defsig_segv_inner.o ABSOLUTE
    ../clib/signal.c                         0x00000000   Number         0  defsig_other.o ABSOLUTE
    ../clib/signal.s                         0x00000000   Number         0  defsig.o ABSOLUTE
    ../clib/stdlib.c                         0x00000000   Number         0  exit.o ABSOLUTE
    ../fplib/d2f.s                           0x00000000   Number         0  d2f.o ABSOLUTE
    ../fplib/daddsub.s                       0x00000000   Number         0  daddsub_clz.o ABSOLUTE
    ../fplib/ddiv.s                          0x00000000   Number         0  ddiv.o ABSOLUTE
    ../fplib/dflt.s                          0x00000000   Number         0  dflt_clz.o ABSOLUTE
    ../fplib/dnaninf.s                       0x00000000   Number         0  dnaninf.o ABSOLUTE
    ../fplib/dretinf.s                       0x00000000   Number         0  dretinf.o ABSOLUTE
    ../fplib/fpinit.s                        0x00000000   Number         0  fpinit.o ABSOLUTE
    ../fplib/fretinf.s                       0x00000000   Number         0  fretinf.o ABSOLUTE
    ../fplib/usenofp.s                       0x00000000   Number         0  usenofp.o ABSOLUTE
    GebraBit_IIM42352.c                      0x00000000   Number         0  gebrabit_iim42352.o ABSOLUTE
    dc.s                                     0x00000000   Number         0  dc.o ABSOLUTE
    gpio.c                                   0x00000000   Number         0  gpio.o ABSOLUTE
    i2c.c                                    0x00000000   Number         0  i2c.o ABSOLUTE
    main.c                                   0x00000000   Number         0  main.o ABSOLUTE
    spi.c                                    0x00000000   Number         0  spi.o ABSOLUTE
    startup_stm32f303xc.s                    0x00000000   Number         0  startup_stm32f303xc.o ABSOLUTE
    stm32f3xx_hal.c                          0x00000000   Number         0  stm32f3xx_hal.o ABSOLUTE
    stm32f3xx_hal_cortex.c                   0x00000000   Number         0  stm32f3xx_hal_cortex.o ABSOLUTE
    stm32f3xx_hal_dma.c                      0x00000000   Number         0  stm32f3xx_hal_dma.o ABSOLUTE
    stm32f3xx_hal_exti.c                     0x00000000   Number         0  stm32f3xx_hal_exti.o ABSOLUTE
    stm32f3xx_hal_flash.c                    0x00000000   Number         0  stm32f3xx_hal_flash.o ABSOLUTE
    stm32f3xx_hal_flash_ex.c                 0x00000000   Number         0  stm32f3xx_hal_flash_ex.o ABSOLUTE
    stm32f3xx_hal_gpio.c                     0x00000000   Number         0  stm32f3xx_hal_gpio.o ABSOLUTE
    stm32f3xx_hal_i2c.c                      0x00000000   Number         0  stm32f3xx_hal_i2c.o ABSOLUTE
    stm32f3xx_hal_i2c_ex.c                   0x00000000   Number         0  stm32f3xx_hal_i2c_ex.o ABSOLUTE
    stm32f3xx_hal_msp.c                      0x00000000   Number         0  stm32f3xx_hal_msp.o ABSOLUTE
    stm32f3xx_hal_pwr.c                      0x00000000   Number         0  stm32f3xx_hal_pwr.o ABSOLUTE
    stm32f3xx_hal_pwr_ex.c                   0x00000000   Number         0  stm32f3xx_hal_pwr_ex.o ABSOLUTE
    stm32f3xx_hal_rcc.c                      0x00000000   Number         0  stm32f3xx_hal_rcc.o ABSOLUTE
    stm32f3xx_hal_rcc_ex.c                   0x00000000   Number         0  stm32f3xx_hal_rcc_ex.o ABSOLUTE
    stm32f3xx_hal_spi.c                      0x00000000   Number         0  stm32f3xx_hal_spi.o ABSOLUTE
    stm32f3xx_hal_spi_ex.c                   0x00000000   Number         0  stm32f3xx_hal_spi_ex.o ABSOLUTE
    stm32f3xx_hal_tim.c                      0x00000000   Number         0  stm32f3xx_hal_tim.o ABSOLUTE
    stm32f3xx_hal_tim_ex.c                   0x00000000   Number         0  stm32f3xx_hal_tim_ex.o ABSOLUTE
    stm32f3xx_it.c                           0x00000000   Number         0  stm32f3xx_it.o ABSOLUTE
    system_stm32f3xx.c                       0x00000000   Number         0  system_stm32f3xx.o ABSOLUTE
    RESET                                    0x08000000   Section      392  startup_stm32f303xc.o(RESET)
    !!!main                                  0x08000188   Section        8  __main.o(!!!main)
    !!!scatter                               0x08000190   Section       52  __scatter.o(!!!scatter)
    !!handler_copy                           0x080001c4   Section       26  __scatter_copy.o(!!handler_copy)
    !!handler_zi                             0x080001e0   Section       28  __scatter_zi.o(!!handler_zi)
    .ARM.Collect$$libinit$$00000000          0x080001fc   Section        2  libinit.o(.ARM.Collect$$libinit$$00000000)
    .ARM.Collect$$libinit$$00000001          0x080001fe   Section        4  libinit2.o(.ARM.Collect$$libinit$$00000001)
    .ARM.Collect$$libinit$$00000004          0x08000202   Section        0  libinit2.o(.ARM.Collect$$libinit$$00000004)
    .ARM.Collect$$libinit$$00000006          0x08000202   Section        0  libinit2.o(.ARM.Collect$$libinit$$00000006)
    .ARM.Collect$$libinit$$00000007          0x08000202   Section        8  libinit2.o(.ARM.Collect$$libinit$$00000007)
    .ARM.Collect$$libinit$$0000000C          0x0800020a   Section        0  libinit2.o(.ARM.Collect$$libinit$$0000000C)
    .ARM.Collect$$libinit$$0000000E          0x0800020a   Section        0  libinit2.o(.ARM.Collect$$libinit$$0000000E)
    .ARM.Collect$$libinit$$00000010          0x0800020a   Section        0  libinit2.o(.ARM.Collect$$libinit$$00000010)
    .ARM.Collect$$libinit$$00000013          0x0800020a   Section        0  libinit2.o(.ARM.Collect$$libinit$$00000013)
    .ARM.Collect$$libinit$$00000015          0x0800020a   Section        0  libinit2.o(.ARM.Collect$$libinit$$00000015)
    .ARM.Collect$$libinit$$00000017          0x0800020a   Section        0  libinit2.o(.ARM.Collect$$libinit$$00000017)
    .ARM.Collect$$libinit$$00000019          0x0800020a   Section        0  libinit2.o(.ARM.Collect$$libinit$$00000019)
    .ARM.Collect$$libinit$$0000001B          0x0800020a   Section        0  libinit2.o(.ARM.Collect$$libinit$$0000001B)
    .ARM.Collect$$libinit$$0000001D          0x0800020a   Section        0  libinit2.o(.ARM.Collect$$libinit$$0000001D)
    .ARM.Collect$$libinit$$0000001F          0x0800020a   Section        0  libinit2.o(.ARM.Collect$$libinit$$0000001F)
    .ARM.Collect$$libinit$$00000021          0x0800020a   Section        0  libinit2.o(.ARM.Collect$$libinit$$00000021)
    .ARM.Collect$$libinit$$00000023          0x0800020a   Section        0  libinit2.o(.ARM.Collect$$libinit$$00000023)
    .ARM.Collect$$libinit$$00000025          0x0800020a   Section        0  libinit2.o(.ARM.Collect$$libinit$$00000025)
    .ARM.Collect$$libinit$$00000027          0x0800020a   Section        0  libinit2.o(.ARM.Collect$$libinit$$00000027)
    .ARM.Collect$$libinit$$0000002E          0x0800020a   Section        0  libinit2.o(.ARM.Collect$$libinit$$0000002E)
    .ARM.Collect$$libinit$$00000030          0x0800020a   Section        0  libinit2.o(.ARM.Collect$$libinit$$00000030)
    .ARM.Collect$$libinit$$00000032          0x0800020a   Section        0  libinit2.o(.ARM.Collect$$libinit$$00000032)
    .ARM.Collect$$libinit$$00000034          0x0800020a   Section        0  libinit2.o(.ARM.Collect$$libinit$$00000034)
    .ARM.Collect$$libinit$$00000035          0x0800020a   Section        2  libinit2.o(.ARM.Collect$$libinit$$00000035)
    .ARM.Collect$$libshutdown$$00000000      0x0800020c   Section        2  libshutdown.o(.ARM.Collect$$libshutdown$$00000000)
    .ARM.Collect$$libshutdown$$00000002      0x0800020e   Section        0  libshutdown2.o(.ARM.Collect$$libshutdown$$00000002)
    .ARM.Collect$$libshutdown$$00000004      0x0800020e   Section        0  libshutdown2.o(.ARM.Collect$$libshutdown$$00000004)
    .ARM.Collect$$libshutdown$$00000007      0x0800020e   Section        0  libshutdown2.o(.ARM.Collect$$libshutdown$$00000007)
    .ARM.Collect$$libshutdown$$0000000A      0x0800020e   Section        0  libshutdown2.o(.ARM.Collect$$libshutdown$$0000000A)
    .ARM.Collect$$libshutdown$$0000000C      0x0800020e   Section        0  libshutdown2.o(.ARM.Collect$$libshutdown$$0000000C)
    .ARM.Collect$$libshutdown$$0000000F      0x0800020e   Section        0  libshutdown2.o(.ARM.Collect$$libshutdown$$0000000F)
    .ARM.Collect$$libshutdown$$00000010      0x0800020e   Section        2  libshutdown2.o(.ARM.Collect$$libshutdown$$00000010)
    .ARM.Collect$$rtentry$$00000000          0x08000210   Section        0  __rtentry.o(.ARM.Collect$$rtentry$$00000000)
    .ARM.Collect$$rtentry$$00000002          0x08000210   Section        0  __rtentry2.o(.ARM.Collect$$rtentry$$00000002)
    .ARM.Collect$$rtentry$$00000004          0x08000210   Section        6  __rtentry4.o(.ARM.Collect$$rtentry$$00000004)
    .ARM.Collect$$rtentry$$00000009          0x08000216   Section        0  __rtentry2.o(.ARM.Collect$$rtentry$$00000009)
    .ARM.Collect$$rtentry$$0000000A          0x08000216   Section        4  __rtentry2.o(.ARM.Collect$$rtentry$$0000000A)
    .ARM.Collect$$rtentry$$0000000C          0x0800021a   Section        0  __rtentry2.o(.ARM.Collect$$rtentry$$0000000C)
    .ARM.Collect$$rtentry$$0000000D          0x0800021a   Section        8  __rtentry2.o(.ARM.Collect$$rtentry$$0000000D)
    .ARM.Collect$$rtexit$$00000000           0x08000222   Section        2  rtexit.o(.ARM.Collect$$rtexit$$00000000)
    .ARM.Collect$$rtexit$$00000002           0x08000224   Section        0  rtexit2.o(.ARM.Collect$$rtexit$$00000002)
    .ARM.Collect$$rtexit$$00000003           0x08000224   Section        4  rtexit2.o(.ARM.Collect$$rtexit$$00000003)
    .ARM.Collect$$rtexit$$00000004           0x08000228   Section        6  rtexit2.o(.ARM.Collect$$rtexit$$00000004)
    $v0                                      0x08000230   Number         0  startup_stm32f303xc.o(.text)
    .text                                    0x08000230   Section       64  startup_stm32f303xc.o(.text)
    .text                                    0x08000270   Section        0  calloc.o(.text)
    .text                                    0x08000298   Section        0  h1_alloc.o(.text)
    .text                                    0x080002f6   Section        0  h1_free.o(.text)
    .text                                    0x08000344   Section      138  rt_memcpy_v6.o(.text)
    .text                                    0x080003ce   Section       78  rt_memclr_w.o(.text)
    .text                                    0x0800041c   Section        0  heapauxi.o(.text)
    .text                                    0x08000424   Section        8  rt_heap_descriptor_intlibspace.o(.text)
    .text                                    0x0800042c   Section        0  hguard.o(.text)
    .text                                    0x08000430   Section        0  init_alloc.o(.text)
    .text                                    0x080004ba   Section        0  h1_init.o(.text)
    .text                                    0x080004c8   Section      100  rt_memcpy_w.o(.text)
    .text                                    0x0800052c   Section       68  rt_memclr.o(.text)
    .text                                    0x08000570   Section        8  libspace.o(.text)
    .text                                    0x08000578   Section        0  maybetermalloc1.o(.text)
    .text                                    0x08000578   Section        0  h1_extend.o(.text)
    .text                                    0x080005ac   Section        0  defsig_rtmem_outer.o(.text)
    .text                                    0x080005ba   Section        2  use_no_semi.o(.text)
    .text                                    0x080005bc   Section        0  indicate_semi.o(.text)
    .text                                    0x080005bc   Section       74  sys_stackheap_outer.o(.text)
    .text                                    0x08000606   Section        0  exit.o(.text)
    .text                                    0x08000618   Section        0  defsig_exit.o(.text)
    .text                                    0x08000624   Section        0  defsig_rtmem_inner.o(.text)
    .text                                    0x08000674   Section        0  sys_exit.o(.text)
    .text                                    0x08000680   Section        0  defsig_general.o(.text)
    .text                                    0x080006b2   Section        0  sys_wrch.o(.text)
    [Anonymous Symbol]                       0x080006c0   Section        0  stm32f3xx_it.o(.text.BusFault_Handler)
    [Anonymous Symbol]                       0x080006c4   Section        0  stm32f3xx_it.o(.text.DebugMon_Handler)
    [Anonymous Symbol]                       0x080006c8   Section        0  main.o(.text.Error_Handler)
    [Anonymous Symbol]                       0x080006d4   Section        0  gebrabit_iim42352.o(.text.GB_IIM42352_Bank_Selection)
    [Anonymous Symbol]                       0x08000778   Section        0  gebrabit_iim42352.o(.text.GB_IIM42352_Burst_Read)
    [Anonymous Symbol]                       0x08000804   Section        0  gebrabit_iim42352.o(.text.GB_IIM42352_Configuration)
    [Anonymous Symbol]                       0x0800085c   Section        0  gebrabit_iim42352.o(.text.GB_IIM42352_FIFO_Configuration)
    [Anonymous Symbol]                       0x08000918   Section        0  gebrabit_iim42352.o(.text.GB_IIM42352_FIFO_Data_Partition_ACCEL_XYZ_TEMP)
    [Anonymous Symbol]                       0x08000bc0   Section        0  gebrabit_iim42352.o(.text.GB_IIM42352_GET_FIFO_Count)
    [Anonymous Symbol]                       0x08000c5c   Section        0  gebrabit_iim42352.o(.text.GB_IIM42352_Get_ACCEL_DATA_X_Register_Raw)
    [Anonymous Symbol]                       0x08000cf8   Section        0  gebrabit_iim42352.o(.text.GB_IIM42352_Get_ACCEL_DATA_Y_Register_Raw)
    [Anonymous Symbol]                       0x08000d94   Section        0  gebrabit_iim42352.o(.text.GB_IIM42352_Get_ACCEL_DATA_Z_Register_Raw)
    [Anonymous Symbol]                       0x08000e30   Section        0  gebrabit_iim42352.o(.text.GB_IIM42352_Get_ACCEL_XYZ_TEMP_From_FIFO)
    [Anonymous Symbol]                       0x08000f28   Section        0  gebrabit_iim42352.o(.text.GB_IIM42352_Get_ACCEL_XYZ_TEMP_From_Registers)
    [Anonymous Symbol]                       0x08001058   Section        0  gebrabit_iim42352.o(.text.GB_IIM42352_Get_Data)
    [Anonymous Symbol]                       0x0800107c   Section        0  gebrabit_iim42352.o(.text.GB_IIM42352_Get_Temp_Register_Raw_Data)
    [Anonymous Symbol]                       0x08001118   Section        0  gebrabit_iim42352.o(.text.GB_IIM42352_SET_FIFO_WATERMARK)
    [Anonymous Symbol]                       0x080011a8   Section        0  gebrabit_iim42352.o(.text.GB_IIM42352_Set_Power_Management)
    [Anonymous Symbol]                       0x08001290   Section        0  gebrabit_iim42352.o(.text.GB_IIM42352_Soft_Reset)
    [Anonymous Symbol]                       0x0800135c   Section        0  gebrabit_iim42352.o(.text.GB_IIM42352_Write_Reg_Bits)
    [Anonymous Symbol]                       0x08001440   Section        0  gebrabit_iim42352.o(.text.GB_IIM42352_initialize)
    [Anonymous Symbol]                       0x0800156c   Section        0  stm32f3xx_hal.o(.text.HAL_Delay)
    [Anonymous Symbol]                       0x08001594   Section        0  stm32f3xx_hal_gpio.o(.text.HAL_GPIO_Init)
    [Anonymous Symbol]                       0x08001770   Section        0  stm32f3xx_hal_gpio.o(.text.HAL_GPIO_WritePin)
    [Anonymous Symbol]                       0x0800177c   Section        0  stm32f3xx_hal.o(.text.HAL_GetTick)
    [Anonymous Symbol]                       0x08001788   Section        0  stm32f3xx_hal.o(.text.HAL_IncTick)
    [Anonymous Symbol]                       0x080017a4   Section        0  stm32f3xx_hal.o(.text.HAL_Init)
    [Anonymous Symbol]                       0x080017cc   Section        0  stm32f3xx_hal.o(.text.HAL_InitTick)
    [Anonymous Symbol]                       0x08001814   Section        0  stm32f3xx_hal_msp.o(.text.HAL_MspInit)
    [Anonymous Symbol]                       0x08001848   Section        0  stm32f3xx_hal_cortex.o(.text.HAL_NVIC_SetPriority)
    [Anonymous Symbol]                       0x080018a0   Section        0  stm32f3xx_hal_cortex.o(.text.HAL_NVIC_SetPriorityGrouping)
    [Anonymous Symbol]                       0x080018c0   Section        0  stm32f3xx_hal_rcc_ex.o(.text.HAL_RCCEx_PeriphCLKConfig)
    [Anonymous Symbol]                       0x08001ad0   Section        0  stm32f3xx_hal_rcc.o(.text.HAL_RCC_ClockConfig)
    [Anonymous Symbol]                       0x08001c70   Section        0  stm32f3xx_hal_rcc.o(.text.HAL_RCC_OscConfig)
    [Anonymous Symbol]                       0x08001fdc   Section        0  stm32f3xx_hal_spi.o(.text.HAL_SPI_GetState)
    [Anonymous Symbol]                       0x08001fe4   Section        0  stm32f3xx_hal_spi.o(.text.HAL_SPI_Init)
    [Anonymous Symbol]                       0x080020c8   Section        0  spi.o(.text.HAL_SPI_MspInit)
    [Anonymous Symbol]                       0x08002134   Section        0  stm32f3xx_hal_spi.o(.text.HAL_SPI_TransmitReceive)
    [Anonymous Symbol]                       0x08002418   Section        0  stm32f3xx_hal_cortex.o(.text.HAL_SYSTICK_Config)
    [Anonymous Symbol]                       0x08002444   Section        0  stm32f3xx_it.o(.text.HardFault_Handler)
    [Anonymous Symbol]                       0x08002448   Section        0  gpio.o(.text.MX_GPIO_Init)
    [Anonymous Symbol]                       0x0800251c   Section        0  spi.o(.text.MX_SPI1_Init)
    [Anonymous Symbol]                       0x0800256c   Section        0  stm32f3xx_it.o(.text.MemManage_Handler)
    [Anonymous Symbol]                       0x08002570   Section        0  stm32f3xx_it.o(.text.NMI_Handler)
    [Anonymous Symbol]                       0x08002574   Section        0  stm32f3xx_it.o(.text.PendSV_Handler)
    SPI_WaitFifoStateUntilTimeout            0x08002579   Thumb Code   390  stm32f3xx_hal_spi.o(.text.SPI_WaitFifoStateUntilTimeout)
    [Anonymous Symbol]                       0x08002578   Section        0  stm32f3xx_hal_spi.o(.text.SPI_WaitFifoStateUntilTimeout)
    SPI_WaitFlagStateUntilTimeout            0x08002701   Thumb Code   206  stm32f3xx_hal_spi.o(.text.SPI_WaitFlagStateUntilTimeout)
    [Anonymous Symbol]                       0x08002700   Section        0  stm32f3xx_hal_spi.o(.text.SPI_WaitFlagStateUntilTimeout)
    [Anonymous Symbol]                       0x080027d0   Section        0  stm32f3xx_it.o(.text.SVC_Handler)
    [Anonymous Symbol]                       0x080027d4   Section        0  stm32f3xx_it.o(.text.SysTick_Handler)
    [Anonymous Symbol]                       0x080027d8   Section        0  system_stm32f3xx.o(.text.SystemInit)
    [Anonymous Symbol]                       0x080027ec   Section        0  stm32f3xx_it.o(.text.UsageFault_Handler)
    [Anonymous Symbol]                       0x080027f0   Section        0  main.o(.text.main)
    $v0                                      0x080028a4   Number         0  d2f.o(x$fpl$d2f)
    x$fpl$d2f                                0x080028a4   Section       98  d2f.o(x$fpl$d2f)
    $v0                                      0x08002908   Number         0  daddsub_clz.o(x$fpl$dadd)
    x$fpl$dadd                               0x08002908   Section      336  daddsub_clz.o(x$fpl$dadd)
    _dadd1                                   0x08002919   Thumb Code     0  daddsub_clz.o(x$fpl$dadd)
    $v0                                      0x08002a58   Number         0  ddiv.o(x$fpl$ddiv)
    x$fpl$ddiv                               0x08002a58   Section      692  ddiv.o(x$fpl$ddiv)
    ddiv_entry                               0x08002a5f   Thumb Code     0  ddiv.o(x$fpl$ddiv)
    $v0                                      0x08002d0c   Number         0  dflt_clz.o(x$fpl$dflt)
    x$fpl$dflt                               0x08002d0c   Section       46  dflt_clz.o(x$fpl$dflt)
    $v0                                      0x08002d3a   Number         0  dnaninf.o(x$fpl$dnaninf)
    x$fpl$dnaninf                            0x08002d3a   Section      156  dnaninf.o(x$fpl$dnaninf)
    $v0                                      0x08002dd6   Number         0  dretinf.o(x$fpl$dretinf)
    x$fpl$dretinf                            0x08002dd6   Section       12  dretinf.o(x$fpl$dretinf)
    $v0                                      0x08002de4   Number         0  daddsub_clz.o(x$fpl$dsub)
    x$fpl$dsub                               0x08002de4   Section      476  daddsub_clz.o(x$fpl$dsub)
    _dsub1                                   0x08002df5   Thumb Code     0  daddsub_clz.o(x$fpl$dsub)
    $v0                                      0x08002fc0   Number         0  fpinit.o(x$fpl$fpinit)
    x$fpl$fpinit                             0x08002fc0   Section       26  fpinit.o(x$fpl$fpinit)
    $v0                                      0x08002fda   Number         0  fretinf.o(x$fpl$fretinf)
    x$fpl$fretinf                            0x08002fda   Section       10  fretinf.o(x$fpl$fretinf)
    x$fpl$usenofp                            0x08002fe4   Section        0  usenofp.o(x$fpl$usenofp)
    .L_MergedGlobals                         0x20000000   Data           8  stm32f3xx_hal.o(.data..L_MergedGlobals)
    [Anonymous Symbol]                       0x20000000   Section        0  stm32f3xx_hal.o(.data..L_MergedGlobals)
    .bss                                     0x20000010   Section       96  libspace.o(.bss)
    Heap_Mem                                 0x20001a38   Data        4400  startup_stm32f303xc.o(HEAP)
    HEAP                                     0x20001a38   Section     4400  startup_stm32f303xc.o(HEAP)
    Stack_Mem                                0x20002b68   Data        1024  startup_stm32f303xc.o(STACK)
    STACK                                    0x20002b68   Section     1024  startup_stm32f303xc.o(STACK)
    __initial_sp                             0x20002f68   Data           0  startup_stm32f303xc.o(STACK)

    Global Symbols

    Symbol Name                              Value     Ov Type        Size  Object(Section)

    BuildAttributes$$THM_ISAv4$E$P$D$K$B$S$7EM$VFPi3$EXTD16$VFPS$VFMA$PE$A:L22UL41UL21$X:L11$S22US41US21$IEEE1$IW$~IW$USESV6$~STKCKD$USESV7$~SHL$OTIME$ROPI$EBA8$UX$STANDARDLIB$REQ8$PRES8$EABIv2 0x00000000   Number         0  anon$$obj.o ABSOLUTE
    __ARM_exceptions_init                     - Undefined Weak Reference
    __alloca_initialize                       - Undefined Weak Reference
    __arm_preinit_                            - Undefined Weak Reference
    __arm_relocate_pie_                       - Undefined Weak Reference
    __cpp_initialize__aeabi_                  - Undefined Weak Reference
    __cxa_finalize                            - Undefined Weak Reference
    __rt_locale                               - Undefined Weak Reference
    __sigvec_lookup                           - Undefined Weak Reference
    __user_heap_extent                        - Undefined Weak Reference
    _atexit_init                              - Undefined Weak Reference
    _call_atexit_fns                          - Undefined Weak Reference
    _clock_init                               - Undefined Weak Reference
    _fp_trap_init                             - Undefined Weak Reference
    _fp_trap_shutdown                         - Undefined Weak Reference
    _get_lc_collate                           - Undefined Weak Reference
    _get_lc_ctype                             - Undefined Weak Reference
    _get_lc_monetary                          - Undefined Weak Reference
    _get_lc_numeric                           - Undefined Weak Reference
    _get_lc_time                              - Undefined Weak Reference
    _getenv_init                              - Undefined Weak Reference
    _handle_redirection                       - Undefined Weak Reference
    _initio                                   - Undefined Weak Reference
    _mutex_acquire                            - Undefined Weak Reference
    _mutex_free                               - Undefined Weak Reference
    _mutex_release                            - Undefined Weak Reference
    _rand_init                                - Undefined Weak Reference
    _signal_finish                            - Undefined Weak Reference
    _signal_init                              - Undefined Weak Reference
    _terminateio                              - Undefined Weak Reference
    __Vectors_Size                           0x00000188   Number         0  startup_stm32f303xc.o ABSOLUTE
    __Vectors                                0x08000000   Data           4  startup_stm32f303xc.o(RESET)
    __Vectors_End                            0x08000188   Data           0  startup_stm32f303xc.o(RESET)
    __main                                   0x08000189   Thumb Code     8  __main.o(!!!main)
    __scatterload                            0x08000191   Thumb Code     0  __scatter.o(!!!scatter)
    __scatterload_rt2                        0x08000191   Thumb Code    44  __scatter.o(!!!scatter)
    __scatterload_rt2_thumb_only             0x08000191   Thumb Code     0  __scatter.o(!!!scatter)
    __scatterload_null                       0x0800019f   Thumb Code     0  __scatter.o(!!!scatter)
    __scatterload_copy                       0x080001c5   Thumb Code    26  __scatter_copy.o(!!handler_copy)
    __scatterload_zeroinit                   0x080001e1   Thumb Code    28  __scatter_zi.o(!!handler_zi)
    __rt_lib_init                            0x080001fd   Thumb Code     0  libinit.o(.ARM.Collect$$libinit$$00000000)
    __rt_lib_init_fp_1                       0x080001ff   Thumb Code     0  libinit2.o(.ARM.Collect$$libinit$$00000001)
    __rt_lib_init_heap_2                     0x08000203   Thumb Code     0  libinit2.o(.ARM.Collect$$libinit$$00000007)
    __rt_lib_init_preinit_1                  0x08000203   Thumb Code     0  libinit2.o(.ARM.Collect$$libinit$$00000006)
    __rt_lib_init_relocate_pie_1             0x08000203   Thumb Code     0  libinit2.o(.ARM.Collect$$libinit$$00000004)
    __rt_lib_init_alloca_1                   0x0800020b   Thumb Code     0  libinit2.o(.ARM.Collect$$libinit$$00000030)
    __rt_lib_init_argv_1                     0x0800020b   Thumb Code     0  libinit2.o(.ARM.Collect$$libinit$$0000002E)
    __rt_lib_init_atexit_1                   0x0800020b   Thumb Code     0  libinit2.o(.ARM.Collect$$libinit$$0000001D)
    __rt_lib_init_clock_1                    0x0800020b   Thumb Code     0  libinit2.o(.ARM.Collect$$libinit$$00000023)
    __rt_lib_init_cpp_1                      0x0800020b   Thumb Code     0  libinit2.o(.ARM.Collect$$libinit$$00000034)
    __rt_lib_init_exceptions_1               0x0800020b   Thumb Code     0  libinit2.o(.ARM.Collect$$libinit$$00000032)
    __rt_lib_init_fp_trap_1                  0x0800020b   Thumb Code     0  libinit2.o(.ARM.Collect$$libinit$$00000021)
    __rt_lib_init_getenv_1                   0x0800020b   Thumb Code     0  libinit2.o(.ARM.Collect$$libinit$$00000025)
    __rt_lib_init_heap_1                     0x0800020b   Thumb Code     0  libinit2.o(.ARM.Collect$$libinit$$0000000C)
    __rt_lib_init_lc_collate_1               0x0800020b   Thumb Code     0  libinit2.o(.ARM.Collect$$libinit$$00000013)
    __rt_lib_init_lc_ctype_1                 0x0800020b   Thumb Code     0  libinit2.o(.ARM.Collect$$libinit$$00000015)
    __rt_lib_init_lc_monetary_1              0x0800020b   Thumb Code     0  libinit2.o(.ARM.Collect$$libinit$$00000017)
    __rt_lib_init_lc_numeric_1               0x0800020b   Thumb Code     0  libinit2.o(.ARM.Collect$$libinit$$00000019)
    __rt_lib_init_lc_time_1                  0x0800020b   Thumb Code     0  libinit2.o(.ARM.Collect$$libinit$$0000001B)
    __rt_lib_init_rand_1                     0x0800020b   Thumb Code     0  libinit2.o(.ARM.Collect$$libinit$$00000010)
    __rt_lib_init_return                     0x0800020b   Thumb Code     0  libinit2.o(.ARM.Collect$$libinit$$00000035)
    __rt_lib_init_signal_1                   0x0800020b   Thumb Code     0  libinit2.o(.ARM.Collect$$libinit$$0000001F)
    __rt_lib_init_stdio_1                    0x0800020b   Thumb Code     0  libinit2.o(.ARM.Collect$$libinit$$00000027)
    __rt_lib_init_user_alloc_1               0x0800020b   Thumb Code     0  libinit2.o(.ARM.Collect$$libinit$$0000000E)
    __rt_lib_shutdown                        0x0800020d   Thumb Code     0  libshutdown.o(.ARM.Collect$$libshutdown$$00000000)
    __rt_lib_shutdown_cpp_1                  0x0800020f   Thumb Code     0  libshutdown2.o(.ARM.Collect$$libshutdown$$00000002)
    __rt_lib_shutdown_fp_trap_1              0x0800020f   Thumb Code     0  libshutdown2.o(.ARM.Collect$$libshutdown$$00000007)
    __rt_lib_shutdown_heap_1                 0x0800020f   Thumb Code     0  libshutdown2.o(.ARM.Collect$$libshutdown$$0000000F)
    __rt_lib_shutdown_return                 0x0800020f   Thumb Code     0  libshutdown2.o(.ARM.Collect$$libshutdown$$00000010)
    __rt_lib_shutdown_signal_1               0x0800020f   Thumb Code     0  libshutdown2.o(.ARM.Collect$$libshutdown$$0000000A)
    __rt_lib_shutdown_stdio_1                0x0800020f   Thumb Code     0  libshutdown2.o(.ARM.Collect$$libshutdown$$00000004)
    __rt_lib_shutdown_user_alloc_1           0x0800020f   Thumb Code     0  libshutdown2.o(.ARM.Collect$$libshutdown$$0000000C)
    __rt_entry                               0x08000211   Thumb Code     0  __rtentry.o(.ARM.Collect$$rtentry$$00000000)
    __rt_entry_presh_1                       0x08000211   Thumb Code     0  __rtentry2.o(.ARM.Collect$$rtentry$$00000002)
    __rt_entry_sh                            0x08000211   Thumb Code     0  __rtentry4.o(.ARM.Collect$$rtentry$$00000004)
    __rt_entry_li                            0x08000217   Thumb Code     0  __rtentry2.o(.ARM.Collect$$rtentry$$0000000A)
    __rt_entry_postsh_1                      0x08000217   Thumb Code     0  __rtentry2.o(.ARM.Collect$$rtentry$$00000009)
    __rt_entry_main                          0x0800021b   Thumb Code     0  __rtentry2.o(.ARM.Collect$$rtentry$$0000000D)
    __rt_entry_postli_1                      0x0800021b   Thumb Code     0  __rtentry2.o(.ARM.Collect$$rtentry$$0000000C)
    __rt_exit                                0x08000223   Thumb Code     0  rtexit.o(.ARM.Collect$$rtexit$$00000000)
    __rt_exit_ls                             0x08000225   Thumb Code     0  rtexit2.o(.ARM.Collect$$rtexit$$00000003)
    __rt_exit_prels_1                        0x08000225   Thumb Code     0  rtexit2.o(.ARM.Collect$$rtexit$$00000002)
    __rt_exit_exit                           0x08000229   Thumb Code     0  rtexit2.o(.ARM.Collect$$rtexit$$00000004)
    Reset_Handler                            0x08000231   Thumb Code     8  startup_stm32f303xc.o(.text)
    ADC1_2_IRQHandler                        0x0800024b   Thumb Code     0  startup_stm32f303xc.o(.text)
    ADC3_IRQHandler                          0x0800024b   Thumb Code     0  startup_stm32f303xc.o(.text)
    ADC4_IRQHandler                          0x0800024b   Thumb Code     0  startup_stm32f303xc.o(.text)
    CAN_RX1_IRQHandler                       0x0800024b   Thumb Code     0  startup_stm32f303xc.o(.text)
    CAN_SCE_IRQHandler                       0x0800024b   Thumb Code     0  startup_stm32f303xc.o(.text)
    COMP1_2_3_IRQHandler                     0x0800024b   Thumb Code     0  startup_stm32f303xc.o(.text)
    COMP4_5_6_IRQHandler                     0x0800024b   Thumb Code     0  startup_stm32f303xc.o(.text)
    COMP7_IRQHandler                         0x0800024b   Thumb Code     0  startup_stm32f303xc.o(.text)
    DMA1_Channel1_IRQHandler                 0x0800024b   Thumb Code     0  startup_stm32f303xc.o(.text)
    DMA1_Channel2_IRQHandler                 0x0800024b   Thumb Code     0  startup_stm32f303xc.o(.text)
    DMA1_Channel3_IRQHandler                 0x0800024b   Thumb Code     0  startup_stm32f303xc.o(.text)
    DMA1_Channel4_IRQHandler                 0x0800024b   Thumb Code     0  startup_stm32f303xc.o(.text)
    DMA1_Channel5_IRQHandler                 0x0800024b   Thumb Code     0  startup_stm32f303xc.o(.text)
    DMA1_Channel6_IRQHandler                 0x0800024b   Thumb Code     0  startup_stm32f303xc.o(.text)
    DMA1_Channel7_IRQHandler                 0x0800024b   Thumb Code     0  startup_stm32f303xc.o(.text)
    DMA2_Channel1_IRQHandler                 0x0800024b   Thumb Code     0  startup_stm32f303xc.o(.text)
    DMA2_Channel2_IRQHandler                 0x0800024b   Thumb Code     0  startup_stm32f303xc.o(.text)
    DMA2_Channel3_IRQHandler                 0x0800024b   Thumb Code     0  startup_stm32f303xc.o(.text)
    DMA2_Channel4_IRQHandler                 0x0800024b   Thumb Code     0  startup_stm32f303xc.o(.text)
    DMA2_Channel5_IRQHandler                 0x0800024b   Thumb Code     0  startup_stm32f303xc.o(.text)
    EXTI0_IRQHandler                         0x0800024b   Thumb Code     0  startup_stm32f303xc.o(.text)
    EXTI15_10_IRQHandler                     0x0800024b   Thumb Code     0  startup_stm32f303xc.o(.text)
    EXTI1_IRQHandler                         0x0800024b   Thumb Code     0  startup_stm32f303xc.o(.text)
    EXTI2_TSC_IRQHandler                     0x0800024b   Thumb Code     0  startup_stm32f303xc.o(.text)
    EXTI3_IRQHandler                         0x0800024b   Thumb Code     0  startup_stm32f303xc.o(.text)
    EXTI4_IRQHandler                         0x0800024b   Thumb Code     0  startup_stm32f303xc.o(.text)
    EXTI9_5_IRQHandler                       0x0800024b   Thumb Code     0  startup_stm32f303xc.o(.text)
    FLASH_IRQHandler                         0x0800024b   Thumb Code     0  startup_stm32f303xc.o(.text)
    FPU_IRQHandler                           0x0800024b   Thumb Code     0  startup_stm32f303xc.o(.text)
    I2C1_ER_IRQHandler                       0x0800024b   Thumb Code     0  startup_stm32f303xc.o(.text)
    I2C1_EV_IRQHandler                       0x0800024b   Thumb Code     0  startup_stm32f303xc.o(.text)
    I2C2_ER_IRQHandler                       0x0800024b   Thumb Code     0  startup_stm32f303xc.o(.text)
    I2C2_EV_IRQHandler                       0x0800024b   Thumb Code     0  startup_stm32f303xc.o(.text)
    PVD_IRQHandler                           0x0800024b   Thumb Code     0  startup_stm32f303xc.o(.text)
    RCC_IRQHandler                           0x0800024b   Thumb Code     0  startup_stm32f303xc.o(.text)
    RTC_Alarm_IRQHandler                     0x0800024b   Thumb Code     0  startup_stm32f303xc.o(.text)
    RTC_WKUP_IRQHandler                      0x0800024b   Thumb Code     0  startup_stm32f303xc.o(.text)
    SPI1_IRQHandler                          0x0800024b   Thumb Code     0  startup_stm32f303xc.o(.text)
    SPI2_IRQHandler                          0x0800024b   Thumb Code     0  startup_stm32f303xc.o(.text)
    SPI3_IRQHandler                          0x0800024b   Thumb Code     0  startup_stm32f303xc.o(.text)
    TAMP_STAMP_IRQHandler                    0x0800024b   Thumb Code     0  startup_stm32f303xc.o(.text)
    TIM1_BRK_TIM15_IRQHandler                0x0800024b   Thumb Code     0  startup_stm32f303xc.o(.text)
    TIM1_CC_IRQHandler                       0x0800024b   Thumb Code     0  startup_stm32f303xc.o(.text)
    TIM1_TRG_COM_TIM17_IRQHandler            0x0800024b   Thumb Code     0  startup_stm32f303xc.o(.text)
    TIM1_UP_TIM16_IRQHandler                 0x0800024b   Thumb Code     0  startup_stm32f303xc.o(.text)
    TIM2_IRQHandler                          0x0800024b   Thumb Code     0  startup_stm32f303xc.o(.text)
    TIM3_IRQHandler                          0x0800024b   Thumb Code     0  startup_stm32f303xc.o(.text)
    TIM4_IRQHandler                          0x0800024b   Thumb Code     0  startup_stm32f303xc.o(.text)
    TIM6_DAC_IRQHandler                      0x0800024b   Thumb Code     0  startup_stm32f303xc.o(.text)
    TIM7_IRQHandler                          0x0800024b   Thumb Code     0  startup_stm32f303xc.o(.text)
    TIM8_BRK_IRQHandler                      0x0800024b   Thumb Code     0  startup_stm32f303xc.o(.text)
    TIM8_CC_IRQHandler                       0x0800024b   Thumb Code     0  startup_stm32f303xc.o(.text)
    TIM8_TRG_COM_IRQHandler                  0x0800024b   Thumb Code     0  startup_stm32f303xc.o(.text)
    TIM8_UP_IRQHandler                       0x0800024b   Thumb Code     0  startup_stm32f303xc.o(.text)
    UART4_IRQHandler                         0x0800024b   Thumb Code     0  startup_stm32f303xc.o(.text)
    UART5_IRQHandler                         0x0800024b   Thumb Code     0  startup_stm32f303xc.o(.text)
    USART1_IRQHandler                        0x0800024b   Thumb Code     0  startup_stm32f303xc.o(.text)
    USART2_IRQHandler                        0x0800024b   Thumb Code     0  startup_stm32f303xc.o(.text)
    USART3_IRQHandler                        0x0800024b   Thumb Code     0  startup_stm32f303xc.o(.text)
    USBWakeUp_IRQHandler                     0x0800024b   Thumb Code     0  startup_stm32f303xc.o(.text)
    USBWakeUp_RMP_IRQHandler                 0x0800024b   Thumb Code     0  startup_stm32f303xc.o(.text)
    USB_HP_CAN_TX_IRQHandler                 0x0800024b   Thumb Code     0  startup_stm32f303xc.o(.text)
    USB_HP_IRQHandler                        0x0800024b   Thumb Code     0  startup_stm32f303xc.o(.text)
    USB_LP_CAN_RX0_IRQHandler                0x0800024b   Thumb Code     0  startup_stm32f303xc.o(.text)
    USB_LP_IRQHandler                        0x0800024b   Thumb Code     0  startup_stm32f303xc.o(.text)
    WWDG_IRQHandler                          0x0800024b   Thumb Code     0  startup_stm32f303xc.o(.text)
    __user_initial_stackheap                 0x0800024d   Thumb Code     0  startup_stm32f303xc.o(.text)
    calloc                                   0x08000271   Thumb Code    40  calloc.o(.text)
    malloc                                   0x08000299   Thumb Code    94  h1_alloc.o(.text)
    free                                     0x080002f7   Thumb Code    78  h1_free.o(.text)
    __aeabi_memcpy                           0x08000345   Thumb Code     0  rt_memcpy_v6.o(.text)
    __rt_memcpy                              0x08000345   Thumb Code   138  rt_memcpy_v6.o(.text)
    _memcpy_lastbytes                        0x080003ab   Thumb Code     0  rt_memcpy_v6.o(.text)
    __aeabi_memclr4                          0x080003cf   Thumb Code     0  rt_memclr_w.o(.text)
    __aeabi_memclr8                          0x080003cf   Thumb Code     0  rt_memclr_w.o(.text)
    __rt_memclr_w                            0x080003cf   Thumb Code     0  rt_memclr_w.o(.text)
    _memset_w                                0x080003d3   Thumb Code    74  rt_memclr_w.o(.text)
    __use_two_region_memory                  0x0800041d   Thumb Code     2  heapauxi.o(.text)
    __rt_heap_escrow                         0x0800041f   Thumb Code     2  heapauxi.o(.text)
    __rt_heap_expand                         0x08000421   Thumb Code     2  heapauxi.o(.text)
    __rt_heap_descriptor                     0x08000425   Thumb Code     8  rt_heap_descriptor_intlibspace.o(.text)
    __use_no_heap                            0x0800042d   Thumb Code     2  hguard.o(.text)
    __heap$guard                             0x0800042f   Thumb Code     2  hguard.o(.text)
    _terminate_user_alloc                    0x08000431   Thumb Code     2  init_alloc.o(.text)
    _init_user_alloc                         0x08000433   Thumb Code     2  init_alloc.o(.text)
    __Heap_Full                              0x08000435   Thumb Code    34  init_alloc.o(.text)
    __Heap_Broken                            0x08000457   Thumb Code     6  init_alloc.o(.text)
    _init_alloc                              0x0800045d   Thumb Code    94  init_alloc.o(.text)
    __Heap_Initialize                        0x080004bb   Thumb Code    10  h1_init.o(.text)
    __Heap_DescSize                          0x080004c5   Thumb Code     4  h1_init.o(.text)
    __aeabi_memcpy4                          0x080004c9   Thumb Code     0  rt_memcpy_w.o(.text)
    __aeabi_memcpy8                          0x080004c9   Thumb Code     0  rt_memcpy_w.o(.text)
    __rt_memcpy_w                            0x080004c9   Thumb Code   100  rt_memcpy_w.o(.text)
    _memcpy_lastbytes_aligned                0x08000511   Thumb Code     0  rt_memcpy_w.o(.text)
    __aeabi_memclr                           0x0800052d   Thumb Code     0  rt_memclr.o(.text)
    __rt_memclr                              0x0800052d   Thumb Code     0  rt_memclr.o(.text)
    _memset                                  0x08000531   Thumb Code    64  rt_memclr.o(.text)
    __user_libspace                          0x08000571   Thumb Code     8  libspace.o(.text)
    __user_perproc_libspace                  0x08000571   Thumb Code     0  libspace.o(.text)
    __user_perthread_libspace                0x08000571   Thumb Code     0  libspace.o(.text)
    __Heap_ProvideMemory                     0x08000579   Thumb Code    52  h1_extend.o(.text)
    _maybe_terminate_alloc                   0x08000579   Thumb Code     0  maybetermalloc1.o(.text)
    __rt_SIGRTMEM                            0x080005ad   Thumb Code    14  defsig_rtmem_outer.o(.text)
    __I$use$semihosting                      0x080005bb   Thumb Code     0  use_no_semi.o(.text)
    __use_no_semihosting_swi                 0x080005bb   Thumb Code     2  use_no_semi.o(.text)
    __semihosting_library_function           0x080005bd   Thumb Code     0  indicate_semi.o(.text)
    __user_setup_stackheap                   0x080005bd   Thumb Code    74  sys_stackheap_outer.o(.text)
    exit                                     0x08000607   Thumb Code    18  exit.o(.text)
    __sig_exit                               0x08000619   Thumb Code    10  defsig_exit.o(.text)
    __rt_SIGRTMEM_inner                      0x08000625   Thumb Code    22  defsig_rtmem_inner.o(.text)
    _sys_exit                                0x08000675   Thumb Code     8  sys_exit.o(.text)
    __default_signal_display                 0x08000681   Thumb Code    50  defsig_general.o(.text)
    _ttywrch                                 0x080006b3   Thumb Code    14  sys_wrch.o(.text)
    BusFault_Handler                         0x080006c1   Thumb Code     2  stm32f3xx_it.o(.text.BusFault_Handler)
    DebugMon_Handler                         0x080006c5   Thumb Code     2  stm32f3xx_it.o(.text.DebugMon_Handler)
    Error_Handler                            0x080006c9   Thumb Code    10  main.o(.text.Error_Handler)
    GB_IIM42352_Bank_Selection               0x080006d5   Thumb Code   164  gebrabit_iim42352.o(.text.GB_IIM42352_Bank_Selection)
    GB_IIM42352_Burst_Read                   0x08000779   Thumb Code   138  gebrabit_iim42352.o(.text.GB_IIM42352_Burst_Read)
    GB_IIM42352_Configuration                0x08000805   Thumb Code    86  gebrabit_iim42352.o(.text.GB_IIM42352_Configuration)
    GB_IIM42352_FIFO_Configuration           0x0800085d   Thumb Code   186  gebrabit_iim42352.o(.text.GB_IIM42352_FIFO_Configuration)
    GB_IIM42352_FIFO_Data_Partition_ACCEL_XYZ_TEMP 0x08000919   Thumb Code   680  gebrabit_iim42352.o(.text.GB_IIM42352_FIFO_Data_Partition_ACCEL_XYZ_TEMP)
    GB_IIM42352_GET_FIFO_Count               0x08000bc1   Thumb Code   154  gebrabit_iim42352.o(.text.GB_IIM42352_GET_FIFO_Count)
    GB_IIM42352_Get_ACCEL_DATA_X_Register_Raw 0x08000c5d   Thumb Code   154  gebrabit_iim42352.o(.text.GB_IIM42352_Get_ACCEL_DATA_X_Register_Raw)
    GB_IIM42352_Get_ACCEL_DATA_Y_Register_Raw 0x08000cf9   Thumb Code   154  gebrabit_iim42352.o(.text.GB_IIM42352_Get_ACCEL_DATA_Y_Register_Raw)
    GB_IIM42352_Get_ACCEL_DATA_Z_Register_Raw 0x08000d95   Thumb Code   154  gebrabit_iim42352.o(.text.GB_IIM42352_Get_ACCEL_DATA_Z_Register_Raw)
    GB_IIM42352_Get_ACCEL_XYZ_TEMP_From_FIFO 0x08000e31   Thumb Code   244  gebrabit_iim42352.o(.text.GB_IIM42352_Get_ACCEL_XYZ_TEMP_From_FIFO)
    GB_IIM42352_Get_ACCEL_XYZ_TEMP_From_Registers 0x08000f29   Thumb Code   304  gebrabit_iim42352.o(.text.GB_IIM42352_Get_ACCEL_XYZ_TEMP_From_Registers)
    GB_IIM42352_Get_Data                     0x08001059   Thumb Code    36  gebrabit_iim42352.o(.text.GB_IIM42352_Get_Data)
    GB_IIM42352_Get_Temp_Register_Raw_Data   0x0800107d   Thumb Code   154  gebrabit_iim42352.o(.text.GB_IIM42352_Get_Temp_Register_Raw_Data)
    GB_IIM42352_SET_FIFO_WATERMARK           0x08001119   Thumb Code   142  gebrabit_iim42352.o(.text.GB_IIM42352_SET_FIFO_WATERMARK)
    GB_IIM42352_Set_Power_Management         0x080011a9   Thumb Code   232  gebrabit_iim42352.o(.text.GB_IIM42352_Set_Power_Management)
    GB_IIM42352_Soft_Reset                   0x08001291   Thumb Code   202  gebrabit_iim42352.o(.text.GB_IIM42352_Soft_Reset)
    GB_IIM42352_Write_Reg_Bits               0x0800135d   Thumb Code   226  gebrabit_iim42352.o(.text.GB_IIM42352_Write_Reg_Bits)
    GB_IIM42352_initialize                   0x08001441   Thumb Code   298  gebrabit_iim42352.o(.text.GB_IIM42352_initialize)
    HAL_Delay                                0x0800156d   Thumb Code    40  stm32f3xx_hal.o(.text.HAL_Delay)
    HAL_GPIO_Init                            0x08001595   Thumb Code   474  stm32f3xx_hal_gpio.o(.text.HAL_GPIO_Init)
    HAL_GPIO_WritePin                        0x08001771   Thumb Code    12  stm32f3xx_hal_gpio.o(.text.HAL_GPIO_WritePin)
    HAL_GetTick                              0x0800177d   Thumb Code    12  stm32f3xx_hal.o(.text.HAL_GetTick)
    HAL_IncTick                              0x08001789   Thumb Code    26  stm32f3xx_hal.o(.text.HAL_IncTick)
    HAL_Init                                 0x080017a5   Thumb Code    38  stm32f3xx_hal.o(.text.HAL_Init)
    HAL_InitTick                             0x080017cd   Thumb Code    72  stm32f3xx_hal.o(.text.HAL_InitTick)
    HAL_MspInit                              0x08001815   Thumb Code    50  stm32f3xx_hal_msp.o(.text.HAL_MspInit)
    HAL_NVIC_SetPriority                     0x08001849   Thumb Code    86  stm32f3xx_hal_cortex.o(.text.HAL_NVIC_SetPriority)
    HAL_NVIC_SetPriorityGrouping             0x080018a1   Thumb Code    32  stm32f3xx_hal_cortex.o(.text.HAL_NVIC_SetPriorityGrouping)
    HAL_RCCEx_PeriphCLKConfig                0x080018c1   Thumb Code   526  stm32f3xx_hal_rcc_ex.o(.text.HAL_RCCEx_PeriphCLKConfig)
    HAL_RCC_ClockConfig                      0x08001ad1   Thumb Code   414  stm32f3xx_hal_rcc.o(.text.HAL_RCC_ClockConfig)
    HAL_RCC_OscConfig                        0x08001c71   Thumb Code   876  stm32f3xx_hal_rcc.o(.text.HAL_RCC_OscConfig)
    HAL_SPI_GetState                         0x08001fdd   Thumb Code     6  stm32f3xx_hal_spi.o(.text.HAL_SPI_GetState)
    HAL_SPI_Init                             0x08001fe5   Thumb Code   228  stm32f3xx_hal_spi.o(.text.HAL_SPI_Init)
    HAL_SPI_MspInit                          0x080020c9   Thumb Code   106  spi.o(.text.HAL_SPI_MspInit)
    HAL_SPI_TransmitReceive                  0x08002135   Thumb Code   740  stm32f3xx_hal_spi.o(.text.HAL_SPI_TransmitReceive)
    HAL_SYSTICK_Config                       0x08002419   Thumb Code    44  stm32f3xx_hal_cortex.o(.text.HAL_SYSTICK_Config)
    HardFault_Handler                        0x08002445   Thumb Code     2  stm32f3xx_it.o(.text.HardFault_Handler)
    MX_GPIO_Init                             0x08002449   Thumb Code   210  gpio.o(.text.MX_GPIO_Init)
    MX_SPI1_Init                             0x0800251d   Thumb Code    78  spi.o(.text.MX_SPI1_Init)
    MemManage_Handler                        0x0800256d   Thumb Code     2  stm32f3xx_it.o(.text.MemManage_Handler)
    NMI_Handler                              0x08002571   Thumb Code     2  stm32f3xx_it.o(.text.NMI_Handler)
    PendSV_Handler                           0x08002575   Thumb Code     2  stm32f3xx_it.o(.text.PendSV_Handler)
    SVC_Handler                              0x080027d1   Thumb Code     2  stm32f3xx_it.o(.text.SVC_Handler)
    SysTick_Handler                          0x080027d5   Thumb Code     4  stm32f3xx_it.o(.text.SysTick_Handler)
    SystemInit                               0x080027d9   Thumb Code    18  system_stm32f3xx.o(.text.SystemInit)
    UsageFault_Handler                       0x080027ed   Thumb Code     2  stm32f3xx_it.o(.text.UsageFault_Handler)
    main                                     0x080027f1   Thumb Code   178  main.o(.text.main)
    __aeabi_d2f                              0x080028a5   Thumb Code     0  d2f.o(x$fpl$d2f)
    _d2f                                     0x080028a5   Thumb Code    98  d2f.o(x$fpl$d2f)
    __aeabi_dadd                             0x08002909   Thumb Code     0  daddsub_clz.o(x$fpl$dadd)
    _dadd                                    0x08002909   Thumb Code   332  daddsub_clz.o(x$fpl$dadd)
    __aeabi_ddiv                             0x08002a59   Thumb Code     0  ddiv.o(x$fpl$ddiv)
    _ddiv                                    0x08002a59   Thumb Code   556  ddiv.o(x$fpl$ddiv)
    __aeabi_i2d                              0x08002d0d   Thumb Code     0  dflt_clz.o(x$fpl$dflt)
    _dflt                                    0x08002d0d   Thumb Code    46  dflt_clz.o(x$fpl$dflt)
    __fpl_dnaninf                            0x08002d3b   Thumb Code   156  dnaninf.o(x$fpl$dnaninf)
    __fpl_dretinf                            0x08002dd7   Thumb Code    12  dretinf.o(x$fpl$dretinf)
    __aeabi_dsub                             0x08002de5   Thumb Code     0  daddsub_clz.o(x$fpl$dsub)
    _dsub                                    0x08002de5   Thumb Code   472  daddsub_clz.o(x$fpl$dsub)
    _fp_init                                 0x08002fc1   Thumb Code    26  fpinit.o(x$fpl$fpinit)
    __fplib_config_fpu_vfp                   0x08002fd9   Thumb Code     0  fpinit.o(x$fpl$fpinit)
    __fplib_config_pureend_doubles           0x08002fd9   Thumb Code     0  fpinit.o(x$fpl$fpinit)
    __fpl_fretinf                            0x08002fdb   Thumb Code    10  fretinf.o(x$fpl$fretinf)
    AHBPrescTable                            0x08002fe4   Data          16  system_stm32f3xx.o(.rodata.AHBPrescTable)
    __I$use$fp                               0x08002fe4   Number         0  usenofp.o(x$fpl$usenofp)
    aPLLMULFactorTable                       0x08002ff4   Data          16  stm32f3xx_hal_rcc.o(.rodata.aPLLMULFactorTable)
    aPredivFactorTable                       0x08003004   Data          16  stm32f3xx_hal_rcc.o(.rodata.aPredivFactorTable)
    Region$$Table$$Base                      0x08003014   Number         0  anon$$obj.o(Region$$Table)
    Region$$Table$$Limit                     0x08003034   Number         0  anon$$obj.o(Region$$Table)
    uwTickFreq                               0x20000000   Data           1  stm32f3xx_hal.o(.data..L_MergedGlobals)
    uwTickPrio                               0x20000004   Data           4  stm32f3xx_hal.o(.data..L_MergedGlobals)
    SystemCoreClock                          0x20000008   Data           4  system_stm32f3xx.o(.data.SystemCoreClock)
    __libspace_start                         0x20000010   Data          96  libspace.o(.bss)
    IIM42352_Module                          0x20000070   Data        6496  main.o(.bss.IIM42352_Module)
    __temporary_stack_top$libspace           0x20000070   Data           0  libspace.o(.bss)
    hspi1                                    0x200019d0   Data         100  spi.o(.bss.hspi1)
    uwTick                                   0x20001a34   Data           4  stm32f3xx_hal.o(.bss.uwTick)



==============================================================================

Memory Map of the image

  Image Entry point : 0x08000189

  Load Region LR_IROM1 (Base: 0x08000000, Size: 0x00003048, Max: 0x00040000, ABSOLUTE)

    Execution Region ER_IROM1 (Exec base: 0x08000000, Load base: 0x08000000, Size: 0x00003034, Max: 0x00040000, ABSOLUTE)

    Exec Addr    Load Addr    Size         Type   Attr      Idx    E Section Name        Object

    0x08000000   0x08000000   0x00000188   Data   RO            3    RESET               startup_stm32f303xc.o
    0x08000188   0x08000188   0x00000008   Code   RO          952  * !!!main             c_w.l(__main.o)
    0x08000190   0x08000190   0x00000034   Code   RO         1188    !!!scatter          c_w.l(__scatter.o)
    0x080001c4   0x080001c4   0x0000001a   Code   RO         1190    !!handler_copy      c_w.l(__scatter_copy.o)
    0x080001de   0x080001de   0x00000002   PAD
    0x080001e0   0x080001e0   0x0000001c   Code   RO         1192    !!handler_zi        c_w.l(__scatter_zi.o)
    0x080001fc   0x080001fc   0x00000002   Code   RO         1123    .ARM.Collect$$libinit$$00000000  c_w.l(libinit.o)
    0x080001fe   0x080001fe   0x00000004   Code   RO         1004    .ARM.Collect$$libinit$$00000001  c_w.l(libinit2.o)
    0x08000202   0x08000202   0x00000000   Code   RO         1007    .ARM.Collect$$libinit$$00000004  c_w.l(libinit2.o)
    0x08000202   0x08000202   0x00000000   Code   RO         1009    .ARM.Collect$$libinit$$00000006  c_w.l(libinit2.o)
    0x08000202   0x08000202   0x00000008   Code   RO         1010    .ARM.Collect$$libinit$$00000007  c_w.l(libinit2.o)
    0x0800020a   0x0800020a   0x00000000   Code   RO         1012    .ARM.Collect$$libinit$$0000000C  c_w.l(libinit2.o)
    0x0800020a   0x0800020a   0x00000000   Code   RO         1014    .ARM.Collect$$libinit$$0000000E  c_w.l(libinit2.o)
    0x0800020a   0x0800020a   0x00000000   Code   RO         1016    .ARM.Collect$$libinit$$00000010  c_w.l(libinit2.o)
    0x0800020a   0x0800020a   0x00000000   Code   RO         1019    .ARM.Collect$$libinit$$00000013  c_w.l(libinit2.o)
    0x0800020a   0x0800020a   0x00000000   Code   RO         1021    .ARM.Collect$$libinit$$00000015  c_w.l(libinit2.o)
    0x0800020a   0x0800020a   0x00000000   Code   RO         1023    .ARM.Collect$$libinit$$00000017  c_w.l(libinit2.o)
    0x0800020a   0x0800020a   0x00000000   Code   RO         1025    .ARM.Collect$$libinit$$00000019  c_w.l(libinit2.o)
    0x0800020a   0x0800020a   0x00000000   Code   RO         1027    .ARM.Collect$$libinit$$0000001B  c_w.l(libinit2.o)
    0x0800020a   0x0800020a   0x00000000   Code   RO         1029    .ARM.Collect$$libinit$$0000001D  c_w.l(libinit2.o)
    0x0800020a   0x0800020a   0x00000000   Code   RO         1031    .ARM.Collect$$libinit$$0000001F  c_w.l(libinit2.o)
    0x0800020a   0x0800020a   0x00000000   Code   RO         1033    .ARM.Collect$$libinit$$00000021  c_w.l(libinit2.o)
    0x0800020a   0x0800020a   0x00000000   Code   RO         1035    .ARM.Collect$$libinit$$00000023  c_w.l(libinit2.o)
    0x0800020a   0x0800020a   0x00000000   Code   RO         1037    .ARM.Collect$$libinit$$00000025  c_w.l(libinit2.o)
    0x0800020a   0x0800020a   0x00000000   Code   RO         1039    .ARM.Collect$$libinit$$00000027  c_w.l(libinit2.o)
    0x0800020a   0x0800020a   0x00000000   Code   RO         1043    .ARM.Collect$$libinit$$0000002E  c_w.l(libinit2.o)
    0x0800020a   0x0800020a   0x00000000   Code   RO         1045    .ARM.Collect$$libinit$$00000030  c_w.l(libinit2.o)
    0x0800020a   0x0800020a   0x00000000   Code   RO         1047    .ARM.Collect$$libinit$$00000032  c_w.l(libinit2.o)
    0x0800020a   0x0800020a   0x00000000   Code   RO         1049    .ARM.Collect$$libinit$$00000034  c_w.l(libinit2.o)
    0x0800020a   0x0800020a   0x00000002   Code   RO         1050    .ARM.Collect$$libinit$$00000035  c_w.l(libinit2.o)
    0x0800020c   0x0800020c   0x00000002   Code   RO         1185    .ARM.Collect$$libshutdown$$00000000  c_w.l(libshutdown.o)
    0x0800020e   0x0800020e   0x00000000   Code   RO         1139    .ARM.Collect$$libshutdown$$00000002  c_w.l(libshutdown2.o)
    0x0800020e   0x0800020e   0x00000000   Code   RO         1141    .ARM.Collect$$libshutdown$$00000004  c_w.l(libshutdown2.o)
    0x0800020e   0x0800020e   0x00000000   Code   RO         1144    .ARM.Collect$$libshutdown$$00000007  c_w.l(libshutdown2.o)
    0x0800020e   0x0800020e   0x00000000   Code   RO         1147    .ARM.Collect$$libshutdown$$0000000A  c_w.l(libshutdown2.o)
    0x0800020e   0x0800020e   0x00000000   Code   RO         1149    .ARM.Collect$$libshutdown$$0000000C  c_w.l(libshutdown2.o)
    0x0800020e   0x0800020e   0x00000000   Code   RO         1152    .ARM.Collect$$libshutdown$$0000000F  c_w.l(libshutdown2.o)
    0x0800020e   0x0800020e   0x00000002   Code   RO         1153    .ARM.Collect$$libshutdown$$00000010  c_w.l(libshutdown2.o)
    0x08000210   0x08000210   0x00000000   Code   RO          974    .ARM.Collect$$rtentry$$00000000  c_w.l(__rtentry.o)
    0x08000210   0x08000210   0x00000000   Code   RO         1066    .ARM.Collect$$rtentry$$00000002  c_w.l(__rtentry2.o)
    0x08000210   0x08000210   0x00000006   Code   RO         1078    .ARM.Collect$$rtentry$$00000004  c_w.l(__rtentry4.o)
    0x08000216   0x08000216   0x00000000   Code   RO         1068    .ARM.Collect$$rtentry$$00000009  c_w.l(__rtentry2.o)
    0x08000216   0x08000216   0x00000004   Code   RO         1069    .ARM.Collect$$rtentry$$0000000A  c_w.l(__rtentry2.o)
    0x0800021a   0x0800021a   0x00000000   Code   RO         1071    .ARM.Collect$$rtentry$$0000000C  c_w.l(__rtentry2.o)
    0x0800021a   0x0800021a   0x00000008   Code   RO         1072    .ARM.Collect$$rtentry$$0000000D  c_w.l(__rtentry2.o)
    0x08000222   0x08000222   0x00000002   Code   RO         1128    .ARM.Collect$$rtexit$$00000000  c_w.l(rtexit.o)
    0x08000224   0x08000224   0x00000000   Code   RO         1159    .ARM.Collect$$rtexit$$00000002  c_w.l(rtexit2.o)
    0x08000224   0x08000224   0x00000004   Code   RO         1160    .ARM.Collect$$rtexit$$00000003  c_w.l(rtexit2.o)
    0x08000228   0x08000228   0x00000006   Code   RO         1161    .ARM.Collect$$rtexit$$00000004  c_w.l(rtexit2.o)
    0x0800022e   0x0800022e   0x00000002   PAD
    0x08000230   0x08000230   0x00000040   Code   RO            4    .text               startup_stm32f303xc.o
    0x08000270   0x08000270   0x00000028   Code   RO          886    .text               c_w.l(calloc.o)
    0x08000298   0x08000298   0x0000005e   Code   RO          888    .text               c_w.l(h1_alloc.o)
    0x080002f6   0x080002f6   0x0000004e   Code   RO          890    .text               c_w.l(h1_free.o)
    0x08000344   0x08000344   0x0000008a   Code   RO          946    .text               c_w.l(rt_memcpy_v6.o)
    0x080003ce   0x080003ce   0x0000004e   Code   RO          948    .text               c_w.l(rt_memclr_w.o)
    0x0800041c   0x0800041c   0x00000006   Code   RO          950    .text               c_w.l(heapauxi.o)
    0x08000422   0x08000422   0x00000002   PAD
    0x08000424   0x08000424   0x00000008   Code   RO          978    .text               c_w.l(rt_heap_descriptor_intlibspace.o)
    0x0800042c   0x0800042c   0x00000004   Code   RO          980    .text               c_w.l(hguard.o)
    0x08000430   0x08000430   0x0000008a   Code   RO          982    .text               c_w.l(init_alloc.o)
    0x080004ba   0x080004ba   0x0000000e   Code   RO          986    .text               c_w.l(h1_init.o)
    0x080004c8   0x080004c8   0x00000064   Code   RO          998    .text               c_w.l(rt_memcpy_w.o)
    0x0800052c   0x0800052c   0x00000044   Code   RO         1000    .text               c_w.l(rt_memclr.o)
    0x08000570   0x08000570   0x00000008   Code   RO         1062    .text               c_w.l(libspace.o)
    0x08000578   0x08000578   0x00000000   Code   RO         1082    .text               c_w.l(maybetermalloc1.o)
    0x08000578   0x08000578   0x00000034   Code   RO         1084    .text               c_w.l(h1_extend.o)
    0x080005ac   0x080005ac   0x0000000e   Code   RO         1088    .text               c_w.l(defsig_rtmem_outer.o)
    0x080005ba   0x080005ba   0x00000002   Code   RO         1099    .text               c_w.l(use_no_semi.o)
    0x080005bc   0x080005bc   0x00000000   Code   RO         1101    .text               c_w.l(indicate_semi.o)
    0x080005bc   0x080005bc   0x0000004a   Code   RO         1102    .text               c_w.l(sys_stackheap_outer.o)
    0x08000606   0x08000606   0x00000012   Code   RO         1108    .text               c_w.l(exit.o)
    0x08000618   0x08000618   0x0000000a   Code   RO         1110    .text               c_w.l(defsig_exit.o)
    0x08000622   0x08000622   0x00000002   PAD
    0x08000624   0x08000624   0x00000050   Code   RO         1112    .text               c_w.l(defsig_rtmem_inner.o)
    0x08000674   0x08000674   0x0000000c   Code   RO         1124    .text               c_w.l(sys_exit.o)
    0x08000680   0x08000680   0x00000032   Code   RO         1136    .text               c_w.l(defsig_general.o)
    0x080006b2   0x080006b2   0x0000000e   Code   RO         1154    .text               c_w.l(sys_wrch.o)
    0x080006c0   0x080006c0   0x00000002   Code   RO           71    .text.BusFault_Handler  stm32f3xx_it.o
    0x080006c2   0x080006c2   0x00000002   PAD
    0x080006c4   0x080006c4   0x00000002   Code   RO           77    .text.DebugMon_Handler  stm32f3xx_it.o
    0x080006c6   0x080006c6   0x00000002   PAD
    0x080006c8   0x080006c8   0x0000000a   Code   RO           15    .text.Error_Handler  main.o
    0x080006d2   0x080006d2   0x00000002   PAD
    0x080006d4   0x080006d4   0x000000a4   Code   RO          760    .text.GB_IIM42352_Bank_Selection  gebrabit_iim42352.o
    0x08000778   0x08000778   0x0000008a   Code   RO          764    .text.GB_IIM42352_Burst_Read  gebrabit_iim42352.o
    0x08000802   0x08000802   0x00000002   PAD
    0x08000804   0x08000804   0x00000056   Code   RO          840    .text.GB_IIM42352_Configuration  gebrabit_iim42352.o
    0x0800085a   0x0800085a   0x00000002   PAD
    0x0800085c   0x0800085c   0x000000ba   Code   RO          812    .text.GB_IIM42352_FIFO_Configuration  gebrabit_iim42352.o
    0x08000916   0x08000916   0x00000002   PAD
    0x08000918   0x08000918   0x000002a8   Code   RO          866    .text.GB_IIM42352_FIFO_Data_Partition_ACCEL_XYZ_TEMP  gebrabit_iim42352.o
    0x08000bc0   0x08000bc0   0x0000009a   Code   RO          794    .text.GB_IIM42352_GET_FIFO_Count  gebrabit_iim42352.o
    0x08000c5a   0x08000c5a   0x00000002   PAD
    0x08000c5c   0x08000c5c   0x0000009a   Code   RO          848    .text.GB_IIM42352_Get_ACCEL_DATA_X_Register_Raw  gebrabit_iim42352.o
    0x08000cf6   0x08000cf6   0x00000002   PAD
    0x08000cf8   0x08000cf8   0x0000009a   Code   RO          850    .text.GB_IIM42352_Get_ACCEL_DATA_Y_Register_Raw  gebrabit_iim42352.o
    0x08000d92   0x08000d92   0x00000002   PAD
    0x08000d94   0x08000d94   0x0000009a   Code   RO          852    .text.GB_IIM42352_Get_ACCEL_DATA_Z_Register_Raw  gebrabit_iim42352.o
    0x08000e2e   0x08000e2e   0x00000002   PAD
    0x08000e30   0x08000e30   0x000000f4   Code   RO          868    .text.GB_IIM42352_Get_ACCEL_XYZ_TEMP_From_FIFO  gebrabit_iim42352.o
    0x08000f24   0x08000f24   0x00000004   PAD
    0x08000f28   0x08000f28   0x00000130   Code   RO          864    .text.GB_IIM42352_Get_ACCEL_XYZ_TEMP_From_Registers  gebrabit_iim42352.o
    0x08001058   0x08001058   0x00000024   Code   RO          870    .text.GB_IIM42352_Get_Data  gebrabit_iim42352.o
    0x0800107c   0x0800107c   0x0000009a   Code   RO          844    .text.GB_IIM42352_Get_Temp_Register_Raw_Data  gebrabit_iim42352.o
    0x08001116   0x08001116   0x00000002   PAD
    0x08001118   0x08001118   0x0000008e   Code   RO          800    .text.GB_IIM42352_SET_FIFO_WATERMARK  gebrabit_iim42352.o
    0x080011a6   0x080011a6   0x00000002   PAD
    0x080011a8   0x080011a8   0x000000e8   Code   RO          830    .text.GB_IIM42352_Set_Power_Management  gebrabit_iim42352.o
    0x08001290   0x08001290   0x000000ca   Code   RO          780    .text.GB_IIM42352_Soft_Reset  gebrabit_iim42352.o
    0x0800135a   0x0800135a   0x00000002   PAD
    0x0800135c   0x0800135c   0x000000e2   Code   RO          768    .text.GB_IIM42352_Write_Reg_Bits  gebrabit_iim42352.o
    0x0800143e   0x0800143e   0x00000002   PAD
    0x08001440   0x08001440   0x0000012a   Code   RO          838    .text.GB_IIM42352_initialize  gebrabit_iim42352.o
    0x0800156a   0x0800156a   0x00000002   PAD
    0x0800156c   0x0800156c   0x00000028   Code   RO          290    .text.HAL_Delay     stm32f3xx_hal.o
    0x08001594   0x08001594   0x000001da   Code   RO          383    .text.HAL_GPIO_Init  stm32f3xx_hal_gpio.o
    0x0800176e   0x0800176e   0x00000002   PAD
    0x08001770   0x08001770   0x0000000c   Code   RO          389    .text.HAL_GPIO_WritePin  stm32f3xx_hal_gpio.o
    0x0800177c   0x0800177c   0x0000000c   Code   RO          282    .text.HAL_GetTick   stm32f3xx_hal.o
    0x08001788   0x08001788   0x0000001a   Code   RO          280    .text.HAL_IncTick   stm32f3xx_hal.o
    0x080017a2   0x080017a2   0x00000002   PAD
    0x080017a4   0x080017a4   0x00000026   Code   RO          270    .text.HAL_Init      stm32f3xx_hal.o
    0x080017ca   0x080017ca   0x00000002   PAD
    0x080017cc   0x080017cc   0x00000048   Code   RO          272    .text.HAL_InitTick  stm32f3xx_hal.o
    0x08001814   0x08001814   0x00000032   Code   RO           90    .text.HAL_MspInit   stm32f3xx_hal_msp.o
    0x08001846   0x08001846   0x00000002   PAD
    0x08001848   0x08001848   0x00000056   Code   RO          441    .text.HAL_NVIC_SetPriority  stm32f3xx_hal_cortex.o
    0x0800189e   0x0800189e   0x00000002   PAD
    0x080018a0   0x080018a0   0x00000020   Code   RO          439    .text.HAL_NVIC_SetPriorityGrouping  stm32f3xx_hal_cortex.o
    0x080018c0   0x080018c0   0x0000020e   Code   RO          368    .text.HAL_RCCEx_PeriphCLKConfig  stm32f3xx_hal_rcc_ex.o
    0x08001ace   0x08001ace   0x00000002   PAD
    0x08001ad0   0x08001ad0   0x0000019e   Code   RO          334    .text.HAL_RCC_ClockConfig  stm32f3xx_hal_rcc.o
    0x08001c6e   0x08001c6e   0x00000002   PAD
    0x08001c70   0x08001c70   0x0000036c   Code   RO          332    .text.HAL_RCC_OscConfig  stm32f3xx_hal_rcc.o
    0x08001fdc   0x08001fdc   0x00000006   Code   RO          714    .text.HAL_SPI_GetState  stm32f3xx_hal_spi.o
    0x08001fe2   0x08001fe2   0x00000002   PAD
    0x08001fe4   0x08001fe4   0x000000e4   Code   RO          616    .text.HAL_SPI_Init  stm32f3xx_hal_spi.o
    0x080020c8   0x080020c8   0x0000006a   Code   RO           52    .text.HAL_SPI_MspInit  spi.o
    0x08002132   0x08002132   0x00000002   PAD
    0x08002134   0x08002134   0x000002e4   Code   RO          628    .text.HAL_SPI_TransmitReceive  stm32f3xx_hal_spi.o
    0x08002418   0x08002418   0x0000002c   Code   RO          451    .text.HAL_SYSTICK_Config  stm32f3xx_hal_cortex.o
    0x08002444   0x08002444   0x00000002   Code   RO           67    .text.HardFault_Handler  stm32f3xx_it.o
    0x08002446   0x08002446   0x00000002   PAD
    0x08002448   0x08002448   0x000000d2   Code   RO           26    .text.MX_GPIO_Init  gpio.o
    0x0800251a   0x0800251a   0x00000002   PAD
    0x0800251c   0x0800251c   0x0000004e   Code   RO           50    .text.MX_SPI1_Init  spi.o
    0x0800256a   0x0800256a   0x00000002   PAD
    0x0800256c   0x0800256c   0x00000002   Code   RO           69    .text.MemManage_Handler  stm32f3xx_it.o
    0x0800256e   0x0800256e   0x00000002   PAD
    0x08002570   0x08002570   0x00000002   Code   RO           65    .text.NMI_Handler   stm32f3xx_it.o
    0x08002572   0x08002572   0x00000002   PAD
    0x08002574   0x08002574   0x00000002   Code   RO           79    .text.PendSV_Handler  stm32f3xx_it.o
    0x08002576   0x08002576   0x00000002   PAD
    0x08002578   0x08002578   0x00000186   Code   RO          678    .text.SPI_WaitFifoStateUntilTimeout  stm32f3xx_hal_spi.o
    0x080026fe   0x080026fe   0x00000002   PAD
    0x08002700   0x08002700   0x000000ce   Code   RO          680    .text.SPI_WaitFlagStateUntilTimeout  stm32f3xx_hal_spi.o
    0x080027ce   0x080027ce   0x00000002   PAD
    0x080027d0   0x080027d0   0x00000002   Code   RO           75    .text.SVC_Handler   stm32f3xx_it.o
    0x080027d2   0x080027d2   0x00000002   PAD
    0x080027d4   0x080027d4   0x00000004   Code   RO           81    .text.SysTick_Handler  stm32f3xx_it.o
    0x080027d8   0x080027d8   0x00000012   Code   RO          743    .text.SystemInit    system_stm32f3xx.o
    0x080027ea   0x080027ea   0x00000002   PAD
    0x080027ec   0x080027ec   0x00000002   Code   RO           73    .text.UsageFault_Handler  stm32f3xx_it.o
    0x080027ee   0x080027ee   0x00000002   PAD
    0x080027f0   0x080027f0   0x000000b2   Code   RO           11    .text.main          main.o
    0x080028a2   0x080028a2   0x00000002   PAD
    0x080028a4   0x080028a4   0x00000062   Code   RO          954    x$fpl$d2f           fz_wm.l(d2f.o)
    0x08002906   0x08002906   0x00000002   PAD
    0x08002908   0x08002908   0x00000150   Code   RO          956    x$fpl$dadd          fz_wm.l(daddsub_clz.o)
    0x08002a58   0x08002a58   0x000002b4   Code   RO          963    x$fpl$ddiv          fz_wm.l(ddiv.o)
    0x08002d0c   0x08002d0c   0x0000002e   Code   RO          967    x$fpl$dflt          fz_wm.l(dflt_clz.o)
    0x08002d3a   0x08002d3a   0x0000009c   Code   RO         1051    x$fpl$dnaninf       fz_wm.l(dnaninf.o)
    0x08002dd6   0x08002dd6   0x0000000c   Code   RO         1053    x$fpl$dretinf       fz_wm.l(dretinf.o)
    0x08002de2   0x08002de2   0x00000002   PAD
    0x08002de4   0x08002de4   0x000001dc   Code   RO          958    x$fpl$dsub          fz_wm.l(daddsub_clz.o)
    0x08002fc0   0x08002fc0   0x0000001a   Code   RO         1097    x$fpl$fpinit        fz_wm.l(fpinit.o)
    0x08002fda   0x08002fda   0x0000000a   Code   RO         1055    x$fpl$fretinf       fz_wm.l(fretinf.o)
    0x08002fe4   0x08002fe4   0x00000000   Code   RO         1057    x$fpl$usenofp       fz_wm.l(usenofp.o)
    0x08002fe4   0x08002fe4   0x00000010   Data   RO          748    .rodata.AHBPrescTable  system_stm32f3xx.o
    0x08002ff4   0x08002ff4   0x00000010   Data   RO          358    .rodata.aPLLMULFactorTable  stm32f3xx_hal_rcc.o
    0x08003004   0x08003004   0x00000010   Data   RO          359    .rodata.aPredivFactorTable  stm32f3xx_hal_rcc.o
    0x08003014   0x08003014   0x00000020   Data   RO         1187    Region$$Table       anon$$obj.o


    Execution Region RW_IRAM2 (Exec base: 0x10000000, Load base: 0x08003048, Size: 0x00000000, Max: 0x00002000, ABSOLUTE)

    **** No section assigned to this execution region ****


    Execution Region RW_IRAM1 (Exec base: 0x20000000, Load base: 0x08003038, Size: 0x00002f68, Max: 0x0000a000, ABSOLUTE)

    Exec Addr    Load Addr    Size         Type   Attr      Idx    E Section Name        Object

    0x20000000   0x08003038   0x00000008   Data   RW          321    .data..L_MergedGlobals  stm32f3xx_hal.o
    0x20000008   0x08003040   0x00000004   Data   RW          747    .data.SystemCoreClock  system_stm32f3xx.o
    0x2000000c   0x08003044   0x00000004   PAD
    0x20000010        -       0x00000060   Zero   RW         1063    .bss                c_w.l(libspace.o)
    0x20000070        -       0x00001960   Zero   RW           17    .bss.IIM42352_Module  main.o
    0x200019d0        -       0x00000064   Zero   RW           56    .bss.hspi1          spi.o
    0x20001a34        -       0x00000004   Zero   RW          320    .bss.uwTick         stm32f3xx_hal.o
    0x20001a38        -       0x00001130   Zero   RW            2    HEAP                startup_stm32f303xc.o
    0x20002b68        -       0x00000400   Zero   RW            1    STACK               startup_stm32f303xc.o


==============================================================================

Image component sizes


      Code (inc. data)   RO Data    RW Data    ZI Data      Debug   Object Name

      3708         48          0          0          0      31895   gebrabit_iim42352.o
       210          0          0          0          0       1903   gpio.o
       188          0          0          0       6496       6825   main.o
       184          0          0          0        100       4586   spi.o
        64         26        392          0       5424        924   startup_stm32f303xc.o
       188          0          0          8          4       6413   stm32f3xx_hal.o
       162          0          0          0          0      10280   stm32f3xx_hal_cortex.o
       486          0          0          0          0       4872   stm32f3xx_hal_gpio.o
        50          0          0          0          0       1075   stm32f3xx_hal_msp.o
      1290          0         32          0          0       7613   stm32f3xx_hal_rcc.o
       526          0          0          0          0       7067   stm32f3xx_hal_rcc_ex.o
      1570          0          0          0          0      26364   stm32f3xx_hal_spi.o
        20          0          0          0          0       1229   stm32f3xx_it.o
        18          0         16          4          0       2280   system_stm32f3xx.o

    ----------------------------------------------------------------------
      8740         74        472         12      12028     113326   Object Totals
         0          0         32          0          0          0   (incl. Generated)
        76          0          0          0          4          0   (incl. Padding)

    ----------------------------------------------------------------------

      Code (inc. data)   RO Data    RW Data    ZI Data      Debug   Library Member Name

         8          0          0          0          0         68   __main.o
         0          0          0          0          0          0   __rtentry.o
        12          0          0          0          0          0   __rtentry2.o
         6          0          0          0          0          0   __rtentry4.o
        52          8          0          0          0          0   __scatter.o
        26          0          0          0          0          0   __scatter_copy.o
        28          0          0          0          0          0   __scatter_zi.o
        40          0          0          0          0         80   calloc.o
        10          0          0          0          0         68   defsig_exit.o
        50          0          0          0          0         88   defsig_general.o
        80         58          0          0          0         76   defsig_rtmem_inner.o
        14          0          0          0          0         80   defsig_rtmem_outer.o
        18          0          0          0          0         80   exit.o
        94          0          0          0          0         80   h1_alloc.o
        52          0          0          0          0         68   h1_extend.o
        78          0          0          0          0         80   h1_free.o
        14          0          0          0          0         84   h1_init.o
         6          0          0          0          0        152   heapauxi.o
         4          0          0          0          0        136   hguard.o
         0          0          0          0          0          0   indicate_semi.o
       138          0          0          0          0        168   init_alloc.o
         2          0          0          0          0          0   libinit.o
        14          0          0          0          0          0   libinit2.o
         2          0          0          0          0          0   libshutdown.o
         2          0          0          0          0          0   libshutdown2.o
         8          4          0          0         96         68   libspace.o
         0          0          0          0          0          0   maybetermalloc1.o
         8          4          0          0          0         68   rt_heap_descriptor_intlibspace.o
        68          0          0          0          0         68   rt_memclr.o
        78          0          0          0          0         80   rt_memclr_w.o
       138          0          0          0          0         68   rt_memcpy_v6.o
       100          0          0          0          0         80   rt_memcpy_w.o
         2          0          0          0          0          0   rtexit.o
        10          0          0          0          0          0   rtexit2.o
        12          4          0          0          0         68   sys_exit.o
        74          0          0          0          0         80   sys_stackheap_outer.o
        14          0          0          0          0         76   sys_wrch.o
         2          0          0          0          0         68   use_no_semi.o
        98          4          0          0          0        140   d2f.o
       812         16          0          0          0        392   daddsub_clz.o
       692        140          0          0          0        264   ddiv.o
        46          0          0          0          0        116   dflt_clz.o
       156          4          0          0          0        140   dnaninf.o
        12          0          0          0          0        116   dretinf.o
        26          0          0          0          0        116   fpinit.o
        10          0          0          0          0        116   fretinf.o
         0          0          0          0          0          0   usenofp.o

    ----------------------------------------------------------------------
      3128        242          0          0         96       3432   Library Totals
        12          0          0          0          0          0   (incl. Padding)

    ----------------------------------------------------------------------

      Code (inc. data)   RO Data    RW Data    ZI Data      Debug   Library Name

      1264         78          0          0         96       2032   c_w.l
      1852        164          0          0          0       1400   fz_wm.l

    ----------------------------------------------------------------------
      3128        242          0          0         96       3432   Library Totals

    ----------------------------------------------------------------------

==============================================================================


      Code (inc. data)   RO Data    RW Data    ZI Data      Debug   

     11868        316        472         12      12124     114626   Grand Totals
     11868        316        472         12      12124     114626   ELF Image Totals
     11868        316        472         12          0          0   ROM Totals

==============================================================================

    Total RO  Size (Code + RO Data)                12340 (  12.05kB)
    Total RW  Size (RW Data + ZI Data)             12136 (  11.85kB)
    Total ROM Size (Code + RO Data + RW Data)      12352 (  12.06kB)

==============================================================================

